Archive member included to satisfy reference by file (symbol)

/opt/st/stm32cubeide_1.13.1/plugins/com.st.stm32cube.ide.mcu.externaltools.gnu-tools-for-stm32.11.3.rel1.linux64_1.1.0.202305231506/tools/bin/../lib/gcc/arm-none-eabi/11.3.1/../../../../arm-none-eabi/lib/thumb/v7-m/nofp/libc_nano.a(libc_a-exit.o)
                              /opt/st/stm32cubeide_1.13.1/plugins/com.st.stm32cube.ide.mcu.externaltools.gnu-tools-for-stm32.11.3.rel1.linux64_1.1.0.202305231506/tools/bin/../lib/gcc/arm-none-eabi/11.3.1/../../../../arm-none-eabi/lib/thumb/v7-m/nofp/crt0.o (exit)
/opt/st/stm32cubeide_1.13.1/plugins/com.st.stm32cube.ide.mcu.externaltools.gnu-tools-for-stm32.11.3.rel1.linux64_1.1.0.202305231506/tools/bin/../lib/gcc/arm-none-eabi/11.3.1/../../../../arm-none-eabi/lib/thumb/v7-m/nofp/libc_nano.a(libc_a-itoa.o)
                              ./Core/Src/main.o (itoa)
/opt/st/stm32cubeide_1.13.1/plugins/com.st.stm32cube.ide.mcu.externaltools.gnu-tools-for-stm32.11.3.rel1.linux64_1.1.0.202305231506/tools/bin/../lib/gcc/arm-none-eabi/11.3.1/../../../../arm-none-eabi/lib/thumb/v7-m/nofp/libc_nano.a(libc_a-utoa.o)
                              /opt/st/stm32cubeide_1.13.1/plugins/com.st.stm32cube.ide.mcu.externaltools.gnu-tools-for-stm32.11.3.rel1.linux64_1.1.0.202305231506/tools/bin/../lib/gcc/arm-none-eabi/11.3.1/../../../../arm-none-eabi/lib/thumb/v7-m/nofp/libc_nano.a(libc_a-itoa.o) (__utoa)
/opt/st/stm32cubeide_1.13.1/plugins/com.st.stm32cube.ide.mcu.externaltools.gnu-tools-for-stm32.11.3.rel1.linux64_1.1.0.202305231506/tools/bin/../lib/gcc/arm-none-eabi/11.3.1/../../../../arm-none-eabi/lib/thumb/v7-m/nofp/libc_nano.a(libc_a-nano-vfprintf_float.o)
                              (_printf_float)
/opt/st/stm32cubeide_1.13.1/plugins/com.st.stm32cube.ide.mcu.externaltools.gnu-tools-for-stm32.11.3.rel1.linux64_1.1.0.202305231506/tools/bin/../lib/gcc/arm-none-eabi/11.3.1/../../../../arm-none-eabi/lib/thumb/v7-m/nofp/libc_nano.a(libc_a-nano-vfprintf_i.o)
                              /opt/st/stm32cubeide_1.13.1/plugins/com.st.stm32cube.ide.mcu.externaltools.gnu-tools-for-stm32.11.3.rel1.linux64_1.1.0.202305231506/tools/bin/../lib/gcc/arm-none-eabi/11.3.1/../../../../arm-none-eabi/lib/thumb/v7-m/nofp/libc_nano.a(libc_a-nano-vfprintf_float.o) (_printf_common)
/opt/st/stm32cubeide_1.13.1/plugins/com.st.stm32cube.ide.mcu.externaltools.gnu-tools-for-stm32.11.3.rel1.linux64_1.1.0.202305231506/tools/bin/../lib/gcc/arm-none-eabi/11.3.1/../../../../arm-none-eabi/lib/thumb/v7-m/nofp/libc_nano.a(libc_a-nano-vfscanf_float.o)
                              (_scanf_float)
/opt/st/stm32cubeide_1.13.1/plugins/com.st.stm32cube.ide.mcu.externaltools.gnu-tools-for-stm32.11.3.rel1.linux64_1.1.0.202305231506/tools/bin/../lib/gcc/arm-none-eabi/11.3.1/../../../../arm-none-eabi/lib/thumb/v7-m/nofp/libc_nano.a(libc_a-findfp.o)
                              /opt/st/stm32cubeide_1.13.1/plugins/com.st.stm32cube.ide.mcu.externaltools.gnu-tools-for-stm32.11.3.rel1.linux64_1.1.0.202305231506/tools/bin/../lib/gcc/arm-none-eabi/11.3.1/../../../../arm-none-eabi/lib/thumb/v7-m/nofp/libc_nano.a(libc_a-exit.o) (__stdio_exit_handler)
/opt/st/stm32cubeide_1.13.1/plugins/com.st.stm32cube.ide.mcu.externaltools.gnu-tools-for-stm32.11.3.rel1.linux64_1.1.0.202305231506/tools/bin/../lib/gcc/arm-none-eabi/11.3.1/../../../../arm-none-eabi/lib/thumb/v7-m/nofp/libc_nano.a(libc_a-fwalk.o)
                              /opt/st/stm32cubeide_1.13.1/plugins/com.st.stm32cube.ide.mcu.externaltools.gnu-tools-for-stm32.11.3.rel1.linux64_1.1.0.202305231506/tools/bin/../lib/gcc/arm-none-eabi/11.3.1/../../../../arm-none-eabi/lib/thumb/v7-m/nofp/libc_nano.a(libc_a-findfp.o) (_fwalk_sglue)
/opt/st/stm32cubeide_1.13.1/plugins/com.st.stm32cube.ide.mcu.externaltools.gnu-tools-for-stm32.11.3.rel1.linux64_1.1.0.202305231506/tools/bin/../lib/gcc/arm-none-eabi/11.3.1/../../../../arm-none-eabi/lib/thumb/v7-m/nofp/libc_nano.a(libc_a-sprintf.o)
                              /opt/st/stm32cubeide_1.13.1/plugins/com.st.stm32cube.ide.mcu.externaltools.gnu-tools-for-stm32.11.3.rel1.linux64_1.1.0.202305231506/tools/bin/../lib/gcc/arm-none-eabi/11.3.1/../../../../arm-none-eabi/lib/thumb/v7-m/nofp/libc_nano.a(libc_a-nano-vfscanf_float.o) (sprintf)
/opt/st/stm32cubeide_1.13.1/plugins/com.st.stm32cube.ide.mcu.externaltools.gnu-tools-for-stm32.11.3.rel1.linux64_1.1.0.202305231506/tools/bin/../lib/gcc/arm-none-eabi/11.3.1/../../../../arm-none-eabi/lib/thumb/v7-m/nofp/libc_nano.a(libc_a-stdio.o)
                              /opt/st/stm32cubeide_1.13.1/plugins/com.st.stm32cube.ide.mcu.externaltools.gnu-tools-for-stm32.11.3.rel1.linux64_1.1.0.202305231506/tools/bin/../lib/gcc/arm-none-eabi/11.3.1/../../../../arm-none-eabi/lib/thumb/v7-m/nofp/libc_nano.a(libc_a-findfp.o) (__sread)
[...]
Memory Configuration

Name             Origin             Length             Attributes
RAM              0x0000000020000000 0x0000000000005000 xrw
FLASH            0x0000000008000000 0x0000000000010000 xr
*default*        0x0000000000000000 0xffffffffffffffff

Linker script and memory map

LOAD /opt/st/stm32cubeide_1.13.1/plugins/com.st.stm32cube.ide.mcu.externaltools.gnu-tools-for-stm32.11.3.rel1.linux64_1.1.0.202305231506/tools/bin/../lib/gcc/arm-none-eabi/11.3.1/thumb/v7-m/nofp/crti.o
LOAD /opt/st/stm32cubeide_1.13.1/plugins/com.st.stm32cube.ide.mcu.externaltools.gnu-tools-for-stm32.11.3.rel1.linux64_1.1.0.202305231506/tools/bin/../lib/gcc/arm-none-eabi/11.3.1/thumb/v7-m/nofp/crtbegin.o
LOAD /opt/st/stm32cubeide_1.13.1/plugins/com.st.stm32cube.ide.mcu.externaltools.gnu-tools-for-stm32.11.3.rel1.linux64_1.1.0.202305231506/tools/bin/../lib/gcc/arm-none-eabi/11.3.1/../../../../arm-none-eabi/lib/thumb/v7-m/nofp/crt0.o
LOAD ./Core/Src/fonts.o
LOAD ./Core/Src/main.o
LOAD ./Core/Src/ssd1306.o
LOAD ./Core/Src/stm32f1xx_hal_msp.o
LOAD ./Core/Src/stm32f1xx_it.o
LOAD ./Core/Src/syscalls.o
LOAD ./Core/Src/sysmem.o
LOAD ./Core/Src/system_stm32f1xx.o
LOAD ./Core/Src/test.o
LOAD ./Core/Startup/startup_stm32f103c8tx.o
LOAD ./Drivers/STM32F1xx_HAL_Driver/Src/stm32f1xx_hal.o
LOAD ./Drivers/STM32F1xx_HAL_Driver/Src/stm32f1xx_hal_cortex.o
LOAD ./Drivers/STM32F1xx_HAL_Driver/Src/stm32f1xx_hal_dma.o
LOAD ./Drivers/STM32F1xx_HAL_Driver/Src/stm32f1xx_hal_exti.o
LOAD ./Drivers/STM32F1xx_HAL_Driver/Src/stm32f1xx_hal_flash.o
LOAD ./Drivers/STM32F1xx_HAL_Driver/Src/stm32f1xx_hal_flash_ex.o
LOAD ./Drivers/STM32F1xx_HAL_Driver/Src/stm32f1xx_hal_gpio.o
LOAD ./Drivers/STM32F1xx_HAL_Driver/Src/stm32f1xx_hal_gpio_ex.o
LOAD ./Drivers/STM32F1xx_HAL_Driver/Src/stm32f1xx_hal_i2c.o
LOAD ./Drivers/STM32F1xx_HAL_Driver/Src/stm32f1xx_hal_pwr.o
LOAD ./Drivers/STM32F1xx_HAL_Driver/Src/stm32f1xx_hal_rcc.o
LOAD ./Drivers/STM32F1xx_HAL_Driver/Src/stm32f1xx_hal_rcc_ex.o
LOAD ./Drivers/STM32F1xx_HAL_Driver/Src/stm32f1xx_hal_tim.o
LOAD ./Drivers/STM32F1xx_HAL_Driver/Src/stm32f1xx_hal_tim_ex.o
START GROUP
LOAD /opt/st/stm32cubeide_1.13.1/plugins/com.st.stm32cube.ide.mcu.externaltools.gnu-tools-for-stm32.11.3.rel1.linux64_1.1.0.202305231506/tools/bin/../lib/gcc/arm-none-eabi/11.3.1/../../../../arm-none-eabi/lib/thumb/v7-m/nofp/libc_nano.a
LOAD /opt/st/stm32cubeide_1.13.1/plugins/com.st.stm32cube.ide.mcu.externaltools.gnu-tools-for-stm32.11.3.rel1.linux64_1.1.0.202305231506/tools/bin/../lib/gcc/arm-none-eabi/11.3.1/../../../../arm-none-eabi/lib/thumb/v7-m/nofp/libm.a
END GROUP
START GROUP
LOAD /opt/st/stm32cubeide_1.13.1/plugins/com.st.stm32cube.ide.mcu.externaltools.gnu-tools-for-stm32.11.3.rel1.linux64_1.1.0.202305231506/tools/bin/../lib/gcc/arm-none-eabi/11.3.1/thumb/v7-m/nofp/libgcc.a
LOAD /opt/st/stm32cubeide_1.13.1/plugins/com.st.stm32cube.ide.mcu.externaltools.gnu-tools-for-stm32.11.3.rel1.linux64_1.1.0.202305231506/tools/bin/../lib/gcc/arm-none-eabi/11.3.1/../../../../arm-none-eabi/lib/thumb/v7-m/nofp/libc_nano.a
END GROUP
START GROUP
LOAD /opt/st/stm32cubeide_1.13.1/plugins/com.st.stm32cube.ide.mcu.externaltools.gnu-tools-for-stm32.11.3.rel1.linux64_1.1.0.202305231506/tools/bin/../lib/gcc/arm-none-eabi/11.3.1/thumb/v7-m/nofp/libgcc.a
LOAD /opt/st/stm32cubeide_1.13.1/plugins/com.st.stm32cube.ide.mcu.externaltools.gnu-tools-for-stm32.11.3.rel1.linux64_1.1.0.202305231506/tools/bin/../lib/gcc/arm-none-eabi/11.3.1/../../../../arm-none-eabi/lib/thumb/v7-m/nofp/libc_nano.a
LOAD /opt/st/stm32cubeide_1.13.1/plugins/com.st.stm32cube.ide.mcu.externaltools.gnu-tools-for-stm32.11.3.rel1.linux64_1.1.0.202305231506/tools/bin/../lib/gcc/arm-none-eabi/11.3.1/../../../../arm-none-eabi/lib/thumb/v7-m/nofp/libnosys.a
END GROUP
START GROUP
LOAD /opt/st/stm32cubeide_1.13.1/plugins/com.st.stm32cube.ide.mcu.externaltools.gnu-tools-for-stm32.11.3.rel1.linux64_1.1.0.202305231506/tools/bin/../lib/gcc/arm-none-eabi/11.3.1/thumb/v7-m/nofp/libgcc.a
LOAD /opt/st/stm32cubeide_1.13.1/plugins/com.st.stm32cube.ide.mcu.externaltools.gnu-tools-for-stm32.11.3.rel1.linux64_1.1.0.202305231506/tools/bin/../lib/gcc/arm-none-eabi/11.3.1/../../../../arm-none-eabi/lib/thumb/v7-m/nofp/libc_nano.a
LOAD /opt/st/stm32cubeide_1.13.1/plugins/com.st.stm32cube.ide.mcu.externaltools.gnu-tools-for-stm32.11.3.rel1.linux64_1.1.0.202305231506/tools/bin/../lib/gcc/arm-none-eabi/11.3.1/../../../../arm-none-eabi/lib/thumb/v7-m/nofp/libnosys.a
END GROUP
LOAD /opt/st/stm32cubeide_1.13.1/plugins/com.st.stm32cube.ide.mcu.externaltools.gnu-tools-for-stm32.11.3.rel1.linux64_1.1.0.202305231506/tools/bin/../lib/gcc/arm-none-eabi/11.3.1/thumb/v7-m/nofp/crtend.o
LOAD /opt/st/stm32cubeide_1.13.1/plugins/com.st.stm32cube.ide.mcu.externaltools.gnu-tools-for-stm32.11.3.rel1.linux64_1.1.0.202305231506/tools/bin/../lib/gcc/arm-none-eabi/11.3.1/thumb/v7-m/nofp/crtn.o
                0x0000000020005000                _estack = (ORIGIN (RAM) + LENGTH (RAM))
                0x0000000000000200                _Min_Heap_Size = 0x200
                0x0000000000000400                _Min_Stack_Size = 0x400

.isr_vector     0x0000000008000000      0x10c
                0x0000000008000000                . = ALIGN (0x4)
 *(.isr_vector)
 .isr_vector    0x0000000008000000      0x10c ./Core/Startup/startup_stm32f103c8tx.o
                0x0000000008000000                g_pfnVectors
                0x000000000800010c                . = ALIGN (0x4)

.text           0x0000000008000110     0x8a34
                0x0000000008000110                . = ALIGN (0x4)
 *(.text)
 .text          0x0000000008000110       0x40 /opt/st/stm32cubeide_1.13.1/plugins/com.st.stm32cube.ide.mcu.externaltools.gnu-tools-for-stm32.11.3.rel1.linux64_1.1.0.202305231506/tools/bin/../lib/gcc/arm-none-eabi/11.3.1/thumb/v7-m/nofp/crtbegin.o
 .text          0x0000000008000150       0x10 /opt/st/stm32cubeide_1.13.1/plugins/com.st.stm32cube.ide.mcu.externaltools.gnu-tools-for-stm32.11.3.rel1.linux64_1.1.0.202305231506/tools/bin/../lib/gcc/arm-none-eabi/11.3.1/../../../../arm-none-eabi/lib/thumb/v7-m/nofp/libc_nano.a(libc_a-strlen.o)
                0x0000000008000150                strlen
 .text          0x0000000008000160      0x378 /opt/st/stm32cubeide_1.13.1/plugins/com.st.stm32cube.ide.mcu.externaltools.gnu-tools-for-stm32.11.3.rel1.linux64_1.1.0.202305231506/tools/bin/../lib/gcc/arm-none-eabi/11.3.1/thumb/v7-m/nofp/libgcc.a(_arm_addsubdf3.o)
                0x0000000008000160                __aeabi_drsub
                0x0000000008000168                __aeabi_dsub
                0x0000000008000168                __subdf3
                0x000000000800016c                __adddf3
                0x000000000800016c                __aeabi_dadd
                0x00000000080003e4                __aeabi_ui2d
                0x00000000080003e4                __floatunsidf
                0x0000000008000404                __floatsidf
                0x0000000008000404                __aeabi_i2d
                0x0000000008000428                __extendsfdf2
                0x0000000008000428                __aeabi_f2d
                0x000000000800046c                __aeabi_ul2d
                0x000000000800046c                __floatundidf
                0x000000000800047c                __floatdidf
                0x000000000800047c                __aeabi_l2d
 .text          0x00000000080004d8      0x424 /opt/st/stm32cubeide_1.13.1/plugins/com.st.stm32cube.ide.mcu.externaltools.gnu-tools-for-stm32.11.3.rel1.linux64_1.1.0.202305231506/tools/bin/../lib/gcc/arm-none-eabi/11.3.1/thumb/v7-m/nofp/libgcc.a(_arm_muldivdf3.o)
                0x00000000080004d8                __aeabi_dmul
                0x00000000080004d8                __muldf3
                0x000000000800072c                __aeabi_ddiv
                0x000000000800072c                __divdf3
 .text          0x00000000080008fc      0x110 /opt/st/stm32cubeide_1.13.1/plugins/com.st.stm32cube.ide.mcu.externaltools.gnu-tools-for-stm32.11.3.rel1.linux64_1.1.0.202305231506/tools/bin/../lib/gcc/arm-none-eabi/11.3.1/thumb/v7-m/nofp/libgcc.a(_arm_cmpdf2.o)
                0x00000000080008fc                __gtdf2
                0x00000000080008fc                __gedf2
                0x0000000008000904                __ltdf2
                0x0000000008000904                __ledf2
                0x000000000800090c                __cmpdf2
                0x000000000800090c                __eqdf2
                0x000000000800090c                __nedf2
                0x0000000008000988                __aeabi_cdrcmple
                0x0000000008000998                __aeabi_cdcmple
                0x0000000008000998                __aeabi_cdcmpeq
                0x00000000080009a8                __aeabi_dcmpeq
                0x00000000080009bc                __aeabi_dcmplt
                0x00000000080009d0                __aeabi_dcmple
                0x00000000080009e4                __aeabi_dcmpge
                0x00000000080009f8                __aeabi_dcmpgt
 .text          0x0000000008000a0c       0x2c /opt/st/stm32cubeide_1.13.1/plugins/com.st.stm32cube.ide.mcu.externaltools.gnu-tools-for-stm32.11.3.rel1.linux64_1.1.0.202305231506/tools/bin/../lib/gcc/arm-none-eabi/11.3.1/thumb/v7-m/nofp/libgcc.a(_arm_unorddf2.o)
                0x0000000008000a0c                __aeabi_dcmpun
                0x0000000008000a0c                __unorddf2
 .text          0x0000000008000a38       0x50 /opt/st/stm32cubeide_1.13.1/plugins/com.st.stm32cube.ide.mcu.externaltools.gnu-tools-for-stm32.11.3.rel1.linux64_1.1.0.202305231506/tools/bin/../lib/gcc/arm-none-eabi/11.3.1/thumb/v7-m/nofp/libgcc.a(_arm_fixdfsi.o)
                0x0000000008000a38                __fixdfsi
                0x0000000008000a38                __aeabi_d2iz
 .text          0x0000000008000a88       0x40 /opt/st/stm32cubeide_1.13.1/plugins/com.st.stm32cube.ide.mcu.externaltools.gnu-tools-for-stm32.11.3.rel1.linux64_1.1.0.202305231506/tools/bin/../lib/gcc/arm-none-eabi/11.3.1/thumb/v7-m/nofp/libgcc.a(_arm_fixunsdfsi.o)
                0x0000000008000a88                __fixunsdfsi
                0x0000000008000a88                __aeabi_d2uiz
 .text          0x0000000008000ac8       0xa0 /opt/st/stm32cubeide_1.13.1/plugins/com.st.stm32cube.ide.mcu.externaltools.gnu-tools-for-stm32.11.3.rel1.linux64_1.1.0.202305231506/tools/bin/../lib/gcc/arm-none-eabi/11.3.1/thumb/v7-m/nofp/libgcc.a(_arm_truncdfsf2.o)
                0x0000000008000ac8                __aeabi_d2f
                0x0000000008000ac8                __truncdfsf2
 .text          0x0000000008000b68       0x34 /opt/st/stm32cubeide_1.13.1/plugins/com.st.stm32cube.ide.mcu.externaltools.gnu-tools-for-stm32.11.3.rel1.linux64_1.1.0.202305231506/tools/bin/../lib/gcc/arm-none-eabi/11.3.1/thumb/v7-m/nofp/libgcc.a(_fixdfdi.o)
                0x0000000008000b68                __aeabi_d2lz
                0x0000000008000b68                __fixdfdi
 .text          0x0000000008000b9c       0x3c /opt/st/stm32cubeide_1.13.1/plugins/com.st.stm32cube.ide.mcu.externaltools.gnu-tools-for-stm32.11.3.rel1.linux64_1.1.0.202305231506/tools/bin/../lib/gcc/arm-none-eabi/11.3.1/thumb/v7-m/nofp/libgcc.a(_fixunsdfdi.o)
                0x0000000008000b9c                __aeabi_d2ulz
                0x0000000008000b9c                __fixunsdfdi
 *(.text*)
 .text.main     0x0000000008000bd8      0x154 ./Core/Src/main.o
                0x0000000008000bd8                main
 .text.SystemClock_Config
                0x0000000008000d2c       0x8a ./Core/Src/main.o
                0x0000000008000d2c                SystemClock_Config
 *fill*         0x0000000008000db6        0x2 
 .text.MX_I2C2_Init
                0x0000000008000db8       0x5c ./Core/Src/main.o
 .text.MX_TIM1_Init
                0x0000000008000e14       0xa0 ./Core/Src/main.o
 .text.MX_TIM2_Init
                0x0000000008000eb4       0xa4 ./Core/Src/main.o
 .text.MX_TIM3_Init
                0x0000000008000f58       0xb0 ./Core/Src/main.o
 .text.MX_GPIO_Init
                0x0000000008001008       0xac ./Core/Src/main.o
 .text.Error_Handler
                0x00000000080010b4        0xa ./Core/Src/main.o
                0x00000000080010b4                Error_Handler
 .text.SSD1306_ScrollRight
                0x00000000080010be       0x6c ./Core/Src/ssd1306.o
                0x00000000080010be                SSD1306_ScrollRight
 .text.SSD1306_ScrollLeft
                0x000000000800112a       0x6c ./Core/Src/ssd1306.o
                0x000000000800112a                SSD1306_ScrollLeft
 .text.SSD1306_Stopscroll
                0x0000000008001196       0x12 ./Core/Src/ssd1306.o
                0x0000000008001196                SSD1306_Stopscroll
 .text.SSD1306_Init
                0x00000000080011a8      0x188 ./Core/Src/ssd1306.o
                0x00000000080011a8                SSD1306_Init
 .text.SSD1306_UpdateScreen
                0x0000000008001330       0x5c ./Core/Src/ssd1306.o
                0x0000000008001330                SSD1306_UpdateScreen
 .text.SSD1306_Fill
                0x000000000800138c       0x30 ./Core/Src/ssd1306.o
                0x000000000800138c                SSD1306_Fill
 .text.SSD1306_DrawPixel
                0x00000000080013bc       0xbc ./Core/Src/ssd1306.o
                0x00000000080013bc                SSD1306_DrawPixel
 .text.SSD1306_GotoXY
                0x0000000008001478       0x2c ./Core/Src/ssd1306.o
                0x0000000008001478                SSD1306_GotoXY
 .text.SSD1306_Putc
                0x00000000080014a4      0x100 ./Core/Src/ssd1306.o
                0x00000000080014a4                SSD1306_Putc
 .text.SSD1306_Puts
                0x00000000080015a4       0x4a ./Core/Src/ssd1306.o
                0x00000000080015a4                SSD1306_Puts
 .text.SSD1306_Clear
                0x00000000080015ee       0x12 ./Core/Src/ssd1306.o
                0x00000000080015ee                SSD1306_Clear
 .text.ssd1306_I2C_Init
                0x0000000008001600       0x28 ./Core/Src/ssd1306.o
                0x0000000008001600                ssd1306_I2C_Init
 .text.ssd1306_I2C_WriteMulti
                0x0000000008001628       0xcc ./Core/Src/ssd1306.o
                0x0000000008001628                ssd1306_I2C_WriteMulti
 .text.ssd1306_I2C_Write
                0x00000000080016f4       0x3c ./Core/Src/ssd1306.o
                0x00000000080016f4                ssd1306_I2C_Write
 .text.HAL_MspInit
                0x0000000008001730       0x44 ./Core/Src/stm32f1xx_hal_msp.o
                0x0000000008001730                HAL_MspInit
 .text.HAL_I2C_MspInit
                0x0000000008001774       0x80 ./Core/Src/stm32f1xx_hal_msp.o
                0x0000000008001774                HAL_I2C_MspInit
 .text.HAL_TIM_Base_MspInit
                0x00000000080017f4       0x3c ./Core/Src/stm32f1xx_hal_msp.o
                0x00000000080017f4                HAL_TIM_Base_MspInit
 .text.HAL_TIM_Encoder_MspInit
                0x0000000008001830       0x78 ./Core/Src/stm32f1xx_hal_msp.o
                0x0000000008001830                HAL_TIM_Encoder_MspInit
 .text.HAL_TIM_PWM_MspInit
                0x00000000080018a8       0x3c ./Core/Src/stm32f1xx_hal_msp.o
                0x00000000080018a8                HAL_TIM_PWM_MspInit
 .text.HAL_TIM_MspPostInit
                0x00000000080018e4       0x64 ./Core/Src/stm32f1xx_hal_msp.o
                0x00000000080018e4                HAL_TIM_MspPostInit
 .text.NMI_Handler
                0x0000000008001948        0x6 ./Core/Src/stm32f1xx_it.o
                0x0000000008001948                NMI_Handler
 .text.HardFault_Handler
                0x000000000800194e        0x6 ./Core/Src/stm32f1xx_it.o
                0x000000000800194e                HardFault_Handler
 .text.MemManage_Handler
                0x0000000008001954        0x6 ./Core/Src/stm32f1xx_it.o
                0x0000000008001954                MemManage_Handler
 .text.BusFault_Handler
                0x000000000800195a        0x6 ./Core/Src/stm32f1xx_it.o
                0x000000000800195a                BusFault_Handler
 .text.UsageFault_Handler
                0x0000000008001960        0x6 ./Core/Src/stm32f1xx_it.o
                0x0000000008001960                UsageFault_Handler
 .text.SVC_Handler
                0x0000000008001966        0xc ./Core/Src/stm32f1xx_it.o
                0x0000000008001966                SVC_Handler
 .text.DebugMon_Handler
                0x0000000008001972        0xc ./Core/Src/stm32f1xx_it.o
                0x0000000008001972                DebugMon_Handler
 .text.PendSV_Handler
                0x000000000800197e        0xc ./Core/Src/stm32f1xx_it.o
                0x000000000800197e                PendSV_Handler
 .text.SysTick_Handler
                0x000000000800198a        0xc ./Core/Src/stm32f1xx_it.o
                0x000000000800198a                SysTick_Handler
 .text._getpid  0x0000000008001996        0xe ./Core/Src/syscalls.o
                0x0000000008001996                _getpid
 .text._kill    0x00000000080019a4       0x20 ./Core/Src/syscalls.o
                0x00000000080019a4                _kill
 .text._exit    0x00000000080019c4       0x14 ./Core/Src/syscalls.o
                0x00000000080019c4                _exit
 .text._read    0x00000000080019d8       0x3a ./Core/Src/syscalls.o
                0x00000000080019d8                _read
 .text._write   0x0000000008001a12       0x38 ./Core/Src/syscalls.o
                0x0000000008001a12                _write
 .text._close   0x0000000008001a4a       0x16 ./Core/Src/syscalls.o
                0x0000000008001a4a                _close
 .text._fstat   0x0000000008001a60       0x1e ./Core/Src/syscalls.o
                0x0000000008001a60                _fstat
 .text._isatty  0x0000000008001a7e       0x14 ./Core/Src/syscalls.o
                0x0000000008001a7e                _isatty
 .text._lseek   0x0000000008001a92       0x18 ./Core/Src/syscalls.o
                0x0000000008001a92                _lseek
 *fill*         0x0000000008001aaa        0x2 
 .text._sbrk    0x0000000008001aac       0x6c ./Core/Src/sysmem.o
                0x0000000008001aac                _sbrk
 .text.SystemInit
                0x0000000008001b18        0xc ./Core/Src/system_stm32f1xx.o
                0x0000000008001b18                SystemInit
 .text.Reset_Handler
                0x0000000008001b24       0x48 ./Core/Startup/startup_stm32f103c8tx.o
                0x0000000008001b24                Reset_Handler
 .text.Default_Handler
                0x0000000008001b6c        0x2 ./Core/Startup/startup_stm32f103c8tx.o
                0x0000000008001b6c                RTC_Alarm_IRQHandler
                0x0000000008001b6c                EXTI2_IRQHandler
                0x0000000008001b6c                TIM1_CC_IRQHandler
                0x0000000008001b6c                PVD_IRQHandler
                0x0000000008001b6c                EXTI3_IRQHandler
                0x0000000008001b6c                EXTI0_IRQHandler
                0x0000000008001b6c                I2C2_EV_IRQHandler
                0x0000000008001b6c                ADC1_2_IRQHandler
                0x0000000008001b6c                SPI1_IRQHandler
                0x0000000008001b6c                TAMPER_IRQHandler
                0x0000000008001b6c                DMA1_Channel4_IRQHandler
                0x0000000008001b6c                USART3_IRQHandler
                0x0000000008001b6c                RTC_IRQHandler
                0x0000000008001b6c                DMA1_Channel7_IRQHandler
                0x0000000008001b6c                CAN1_RX1_IRQHandler
                0x0000000008001b6c                TIM4_IRQHandler
                0x0000000008001b6c                I2C1_EV_IRQHandler
                0x0000000008001b6c                DMA1_Channel6_IRQHandler
                0x0000000008001b6c                TIM3_IRQHandler
                0x0000000008001b6c                RCC_IRQHandler
                0x0000000008001b6c                TIM1_TRG_COM_IRQHandler
                0x0000000008001b6c                DMA1_Channel1_IRQHandler
                0x0000000008001b6c                Default_Handler
                0x0000000008001b6c                EXTI15_10_IRQHandler
                0x0000000008001b6c                EXTI9_5_IRQHandler
                0x0000000008001b6c                SPI2_IRQHandler
                0x0000000008001b6c                DMA1_Channel5_IRQHandler
                0x0000000008001b6c                EXTI4_IRQHandler
                0x0000000008001b6c                USB_LP_CAN1_RX0_IRQHandler
                0x0000000008001b6c                USB_HP_CAN1_TX_IRQHandler
                0x0000000008001b6c                DMA1_Channel3_IRQHandler
                0x0000000008001b6c                TIM1_UP_IRQHandler
                0x0000000008001b6c                WWDG_IRQHandler
                0x0000000008001b6c                TIM2_IRQHandler
                0x0000000008001b6c                TIM1_BRK_IRQHandler
                0x0000000008001b6c                EXTI1_IRQHandler
                0x0000000008001b6c                USART2_IRQHandler
                0x0000000008001b6c                I2C2_ER_IRQHandler
                0x0000000008001b6c                DMA1_Channel2_IRQHandler
                0x0000000008001b6c                CAN1_SCE_IRQHandler
                0x0000000008001b6c                FLASH_IRQHandler
                0x0000000008001b6c                USART1_IRQHandler
                0x0000000008001b6c                I2C1_ER_IRQHandler
                0x0000000008001b6c                USBWakeUp_IRQHandler
 *fill*         0x0000000008001b6e        0x2 
 .text.HAL_Init
                0x0000000008001b70       0x2c ./Drivers/STM32F1xx_HAL_Driver/Src/stm32f1xx_hal.o
                0x0000000008001b70                HAL_Init
 .text.HAL_InitTick
                0x0000000008001b9c       0x60 ./Drivers/STM32F1xx_HAL_Driver/Src/stm32f1xx_hal.o
                0x0000000008001b9c                HAL_InitTick
 .text.HAL_IncTick
                0x0000000008001bfc       0x24 ./Drivers/STM32F1xx_HAL_Driver/Src/stm32f1xx_hal.o
                0x0000000008001bfc                HAL_IncTick
 .text.HAL_GetTick
                0x0000000008001c20       0x14 ./Drivers/STM32F1xx_HAL_Driver/Src/stm32f1xx_hal.o
                0x0000000008001c20                HAL_GetTick
 .text.HAL_Delay
                0x0000000008001c34       0x48 ./Drivers/STM32F1xx_HAL_Driver/Src/stm32f1xx_hal.o
                0x0000000008001c34                HAL_Delay
 .text.__NVIC_SetPriorityGrouping
                0x0000000008001c7c       0x48 ./Drivers/STM32F1xx_HAL_Driver/Src/stm32f1xx_hal_cortex.o
 .text.__NVIC_GetPriorityGrouping
                0x0000000008001cc4       0x1c ./Drivers/STM32F1xx_HAL_Driver/Src/stm32f1xx_hal_cortex.o
 .text.__NVIC_SetPriority
                0x0000000008001ce0       0x54 ./Drivers/STM32F1xx_HAL_Driver/Src/stm32f1xx_hal_cortex.o
 .text.NVIC_EncodePriority
                0x0000000008001d34       0x64 ./Drivers/STM32F1xx_HAL_Driver/Src/stm32f1xx_hal_cortex.o
 .text.SysTick_Config
                0x0000000008001d98       0x44 ./Drivers/STM32F1xx_HAL_Driver/Src/stm32f1xx_hal_cortex.o
 .text.HAL_NVIC_SetPriorityGrouping
                0x0000000008001ddc       0x16 ./Drivers/STM32F1xx_HAL_Driver/Src/stm32f1xx_hal_cortex.o
                0x0000000008001ddc                HAL_NVIC_SetPriorityGrouping
 .text.HAL_NVIC_SetPriority
                0x0000000008001df2       0x38 ./Drivers/STM32F1xx_HAL_Driver/Src/stm32f1xx_hal_cortex.o
                0x0000000008001df2                HAL_NVIC_SetPriority
 .text.HAL_SYSTICK_Config
                0x0000000008001e2a       0x18 ./Drivers/STM32F1xx_HAL_Driver/Src/stm32f1xx_hal_cortex.o
                0x0000000008001e2a                HAL_SYSTICK_Config
 *fill*         0x0000000008001e42        0x2 
 .text.HAL_GPIO_Init
                0x0000000008001e44      0x308 ./Drivers/STM32F1xx_HAL_Driver/Src/stm32f1xx_hal_gpio.o
                0x0000000008001e44                HAL_GPIO_Init
 .text.HAL_GPIO_ReadPin
                0x000000000800214c       0x2e ./Drivers/STM32F1xx_HAL_Driver/Src/stm32f1xx_hal_gpio.o
                0x000000000800214c                HAL_GPIO_ReadPin
 .text.HAL_GPIO_WritePin
                0x000000000800217a       0x30 ./Drivers/STM32F1xx_HAL_Driver/Src/stm32f1xx_hal_gpio.o
                0x000000000800217a                HAL_GPIO_WritePin
 *fill*         0x00000000080021aa        0x2 
 .text.HAL_I2C_Init
                0x00000000080021ac      0x288 ./Drivers/STM32F1xx_HAL_Driver/Src/stm32f1xx_hal_i2c.o
                0x00000000080021ac                HAL_I2C_Init
 .text.HAL_I2C_Master_Transmit
                0x0000000008002434      0x1fc ./Drivers/STM32F1xx_HAL_Driver/Src/stm32f1xx_hal_i2c.o
                0x0000000008002434                HAL_I2C_Master_Transmit
 .text.HAL_I2C_IsDeviceReady
                0x0000000008002630      0x25c ./Drivers/STM32F1xx_HAL_Driver/Src/stm32f1xx_hal_i2c.o
                0x0000000008002630                HAL_I2C_IsDeviceReady
 .text.I2C_MasterRequestWrite
                0x000000000800288c      0x104 ./Drivers/STM32F1xx_HAL_Driver/Src/stm32f1xx_hal_i2c.o
 .text.I2C_WaitOnFlagUntilTimeout
                0x0000000008002990       0xf4 ./Drivers/STM32F1xx_HAL_Driver/Src/stm32f1xx_hal_i2c.o
 .text.I2C_WaitOnMasterAddressFlagUntilTimeout
                0x0000000008002a84      0x140 ./Drivers/STM32F1xx_HAL_Driver/Src/stm32f1xx_hal_i2c.o
 .text.I2C_WaitOnTXEFlagUntilTimeout
                0x0000000008002bc4       0x90 ./Drivers/STM32F1xx_HAL_Driver/Src/stm32f1xx_hal_i2c.o
 .text.I2C_WaitOnBTFFlagUntilTimeout
                0x0000000008002c54       0x90 ./Drivers/STM32F1xx_HAL_Driver/Src/stm32f1xx_hal_i2c.o
 .text.I2C_IsAcknowledgeFailed
                0x0000000008002ce4       0x5c ./Drivers/STM32F1xx_HAL_Driver/Src/stm32f1xx_hal_i2c.o
 .text.HAL_RCC_OscConfig
                0x0000000008002d40      0x504 ./Drivers/STM32F1xx_HAL_Driver/Src/stm32f1xx_hal_rcc.o
                0x0000000008002d40                HAL_RCC_OscConfig
 .text.HAL_RCC_ClockConfig
                0x0000000008003244      0x1d4 ./Drivers/STM32F1xx_HAL_Driver/Src/stm32f1xx_hal_rcc.o
                0x0000000008003244                HAL_RCC_ClockConfig
 .text.HAL_RCC_GetSysClockFreq
                0x0000000008003418       0xa8 ./Drivers/STM32F1xx_HAL_Driver/Src/stm32f1xx_hal_rcc.o
                0x0000000008003418                HAL_RCC_GetSysClockFreq
 .text.HAL_RCC_GetHCLKFreq
                0x00000000080034c0       0x14 ./Drivers/STM32F1xx_HAL_Driver/Src/stm32f1xx_hal_rcc.o
                0x00000000080034c0                HAL_RCC_GetHCLKFreq
 .text.HAL_RCC_GetPCLK1Freq
                0x00000000080034d4       0x28 ./Drivers/STM32F1xx_HAL_Driver/Src/stm32f1xx_hal_rcc.o
                0x00000000080034d4                HAL_RCC_GetPCLK1Freq
 .text.RCC_Delay
                0x00000000080034fc       0x3c ./Drivers/STM32F1xx_HAL_Driver/Src/stm32f1xx_hal_rcc.o
 .text.HAL_TIM_Base_Init
                0x0000000008003538       0x9e ./Drivers/STM32F1xx_HAL_Driver/Src/stm32f1xx_hal_tim.o
                0x0000000008003538                HAL_TIM_Base_Init
 .text.HAL_TIM_PWM_Init
                0x00000000080035d6       0x9e ./Drivers/STM32F1xx_HAL_Driver/Src/stm32f1xx_hal_tim.o
                0x00000000080035d6                HAL_TIM_PWM_Init
 .text.HAL_TIM_PWM_Start
                0x0000000008003674      0x144 ./Drivers/STM32F1xx_HAL_Driver/Src/stm32f1xx_hal_tim.o
                0x0000000008003674                HAL_TIM_PWM_Start
 .text.HAL_TIM_Encoder_Init
                0x00000000080037b8      0x144 ./Drivers/STM32F1xx_HAL_Driver/Src/stm32f1xx_hal_tim.o
                0x00000000080037b8                HAL_TIM_Encoder_Init
 .text.HAL_TIM_Encoder_Start
                0x00000000080038fc      0x11c ./Drivers/STM32F1xx_HAL_Driver/Src/stm32f1xx_hal_tim.o
                0x00000000080038fc                HAL_TIM_Encoder_Start
 .text.HAL_TIM_PWM_ConfigChannel
                0x0000000008003a18      0x184 ./Drivers/STM32F1xx_HAL_Driver/Src/stm32f1xx_hal_tim.o
                0x0000000008003a18                HAL_TIM_PWM_ConfigChannel
 .text.HAL_TIM_ConfigClockSource
                0x0000000008003b9c      0x18e ./Drivers/STM32F1xx_HAL_Driver/Src/stm32f1xx_hal_tim.o
                0x0000000008003b9c                HAL_TIM_ConfigClockSource
 *fill*         0x0000000008003d2a        0x2 
 .text.TIM_Base_SetConfig
                0x0000000008003d2c       0xc4 ./Drivers/STM32F1xx_HAL_Driver/Src/stm32f1xx_hal_tim.o
                0x0000000008003d2c                TIM_Base_SetConfig
 .text.TIM_OC1_SetConfig
                0x0000000008003df0       0xcc ./Drivers/STM32F1xx_HAL_Driver/Src/stm32f1xx_hal_tim.o
 .text.TIM_OC2_SetConfig
                0x0000000008003ebc       0xd4 ./Drivers/STM32F1xx_HAL_Driver/Src/stm32f1xx_hal_tim.o
                0x0000000008003ebc                TIM_OC2_SetConfig
 .text.TIM_OC3_SetConfig
                0x0000000008003f90       0xd4 ./Drivers/STM32F1xx_HAL_Driver/Src/stm32f1xx_hal_tim.o
 .text.TIM_OC4_SetConfig
                0x0000000008004064       0x9c ./Drivers/STM32F1xx_HAL_Driver/Src/stm32f1xx_hal_tim.o
 .text.TIM_TI1_ConfigInputStage
                0x0000000008004100       0x5c ./Drivers/STM32F1xx_HAL_Driver/Src/stm32f1xx_hal_tim.o
 .text.TIM_TI2_ConfigInputStage
                0x000000000800415c       0x5e ./Drivers/STM32F1xx_HAL_Driver/Src/stm32f1xx_hal_tim.o
 .text.TIM_ITRx_SetConfig
                0x00000000080041ba       0x34 ./Drivers/STM32F1xx_HAL_Driver/Src/stm32f1xx_hal_tim.o
 .text.TIM_ETR_SetConfig
                0x00000000080041ee       0x3e ./Drivers/STM32F1xx_HAL_Driver/Src/stm32f1xx_hal_tim.o
                0x00000000080041ee                TIM_ETR_SetConfig
 .text.TIM_CCxChannelCmd
                0x000000000800422c       0x48 ./Drivers/STM32F1xx_HAL_Driver/Src/stm32f1xx_hal_tim.o
                0x000000000800422c                TIM_CCxChannelCmd
 .text.HAL_TIMEx_MasterConfigSynchronization
                0x0000000008004274       0xbc ./Drivers/STM32F1xx_HAL_Driver/Src/stm32f1xx_hal_tim_ex.o
                0x0000000008004274                HAL_TIMEx_MasterConfigSynchronization
 .text.__itoa   0x0000000008004330       0x30 /opt/st/stm32cubeide_1.13.1/plugins/com.st.stm32cube.ide.mcu.externaltools.gnu-tools-for-stm32.11.3.rel1.linux64_1.1.0.202305231506/tools/bin/../lib/gcc/arm-none-eabi/11.3.1/../../../../arm-none-eabi/lib/thumb/v7-m/nofp/libc_nano.a(libc_a-itoa.o)
                0x0000000008004330                __itoa
 .text.itoa     0x0000000008004360        0x4 /opt/st/stm32cubeide_1.13.1/plugins/com.st.stm32cube.ide.mcu.externaltools.gnu-tools-for-stm32.11.3.rel1.linux64_1.1.0.202305231506/tools/bin/../lib/gcc/arm-none-eabi/11.3.1/../../../../arm-none-eabi/lib/thumb/v7-m/nofp/libc_nano.a(libc_a-itoa.o)
                0x0000000008004360                itoa
 .text.__utoa   0x0000000008004364       0x84 /opt/st/stm32cubeide_1.13.1/plugins/com.st.stm32cube.ide.mcu.externaltools.gnu-tools-for-stm32.11.3.rel1.linux64_1.1.0.202305231506/tools/bin/../lib/gcc/arm-none-eabi/11.3.1/../../../../arm-none-eabi/lib/thumb/v7-m/nofp/libc_nano.a(libc_a-utoa.o)
                0x0000000008004364                __utoa
 .text.__cvt    0x00000000080043e8       0xbe /opt/st/stm32cubeide_1.13.1/plugins/com.st.stm32cube.ide.mcu.externaltools.gnu-tools-for-stm32.11.3.rel1.linux64_1.1.0.202305231506/tools/bin/../lib/gcc/arm-none-eabi/11.3.1/../../../../arm-none-eabi/lib/thumb/v7-m/nofp/libc_nano.a(libc_a-nano-vfprintf_float.o)
                0x00000000080043e8                __cvt
 .text.__exponent
                0x00000000080044a6       0x7a /opt/st/stm32cubeide_1.13.1/plugins/com.st.stm32cube.ide.mcu.externaltools.gnu-tools-for-stm32.11.3.rel1.linux64_1.1.0.202305231506/tools/bin/../lib/gcc/arm-none-eabi/11.3.1/../../../../arm-none-eabi/lib/thumb/v7-m/nofp/libc_nano.a(libc_a-nano-vfprintf_float.o)
                0x00000000080044a6                __exponent
 .text._printf_float
                0x0000000008004520      0x45c /opt/st/stm32cubeide_1.13.1/plugins/com.st.stm32cube.ide.mcu.externaltools.gnu-tools-for-stm32.11.3.rel1.linux64_1.1.0.202305231506/tools/bin/../lib/gcc/arm-none-eabi/11.3.1/../../../../arm-none-eabi/lib/thumb/v7-m/nofp/libc_nano.a(libc_a-nano-vfprintf_float.o)
                0x0000000008004520                _printf_float
 .text._printf_common
                0x000000000800497c       0xe4 /opt/st/stm32cubeide_1.13.1/plugins/com.st.stm32cube.ide.mcu.externaltools.gnu-tools-for-stm32.11.3.rel1.linux64_1.1.0.202305231506/tools/bin/../lib/gcc/arm-none-eabi/11.3.1/../../../../arm-none-eabi/lib/thumb/v7-m/nofp/libc_nano.a(libc_a-nano-vfprintf_i.o)
                0x000000000800497c                _printf_common
 .text._printf_i
                0x0000000008004a60      0x244 /opt/st/stm32cubeide_1.13.1/plugins/com.st.stm32cube.ide.mcu.externaltools.gnu-tools-for-stm32.11.3.rel1.linux64_1.1.0.202305231506/tools/bin/../lib/gcc/arm-none-eabi/11.3.1/../../../../arm-none-eabi/lib/thumb/v7-m/nofp/libc_nano.a(libc_a-nano-vfprintf_i.o)
                0x0000000008004a60                _printf_i
 .text._scanf_float
                0x0000000008004ca4      0x41c /opt/st/stm32cubeide_1.13.1/plugins/com.st.stm32cube.ide.mcu.externaltools.gnu-tools-for-stm32.11.3.rel1.linux64_1.1.0.202305231506/tools/bin/../lib/gcc/arm-none-eabi/11.3.1/../../../../arm-none-eabi/lib/thumb/v7-m/nofp/libc_nano.a(libc_a-nano-vfscanf_float.o)
                0x0000000008004ca4                _scanf_float
 .text.std      0x00000000080050c0       0x48 /opt/st/stm32cubeide_1.13.1/plugins/com.st.stm32cube.ide.mcu.externaltools.gnu-tools-for-stm32.11.3.rel1.linux64_1.1.0.202305231506/tools/bin/../lib/gcc/arm-none-eabi/11.3.1/../../../../arm-none-eabi/lib/thumb/v7-m/nofp/libc_nano.a(libc_a-findfp.o)
 .text.stdio_exit_handler
                0x0000000008005108       0x18 /opt/st/stm32cubeide_1.13.1/plugins/com.st.stm32cube.ide.mcu.externaltools.gnu-tools-for-stm32.11.3.rel1.linux64_1.1.0.202305231506/tools/bin/../lib/gcc/arm-none-eabi/11.3.1/../../../../arm-none-eabi/lib/thumb/v7-m/nofp/libc_nano.a(libc_a-findfp.o)
 .text.cleanup_stdio
                0x0000000008005120       0x40 /opt/st/stm32cubeide_1.13.1/plugins/com.st.stm32cube.ide.mcu.externaltools.gnu-tools-for-stm32.11.3.rel1.linux64_1.1.0.202305231506/tools/bin/../lib/gcc/arm-none-eabi/11.3.1/../../../../arm-none-eabi/lib/thumb/v7-m/nofp/libc_nano.a(libc_a-findfp.o)
 .text.global_stdio_init.part.0
                0x0000000008005160       0x3c /opt/st/stm32cubeide_1.13.1/plugins/com.st.stm32cube.ide.mcu.externaltools.gnu-tools-for-stm32.11.3.rel1.linux64_1.1.0.202305231506/tools/bin/../lib/gcc/arm-none-eabi/11.3.1/../../../../arm-none-eabi/lib/thumb/v7-m/nofp/libc_nano.a(libc_a-findfp.o)
 .text.__sfp_lock_acquire
                0x000000000800519c        0xc /opt/st/stm32cubeide_1.13.1/plugins/com.st.stm32cube.ide.mcu.externaltools.gnu-tools-for-stm32.11.3.rel1.linux64_1.1.0.202305231506/tools/bin/../lib/gcc/arm-none-eabi/11.3.1/../../../../arm-none-eabi/lib/thumb/v7-m/nofp/libc_nano.a(libc_a-findfp.o)
                0x000000000800519c                __sfp_lock_acquire
 .text.__sfp_lock_release
                0x00000000080051a8        0xc /opt/st/stm32cubeide_1.13.1/plugins/com.st.stm32cube.ide.mcu.externaltools.gnu-tools-for-stm32.11.3.rel1.linux64_1.1.0.202305231506/tools/bin/../lib/gcc/arm-none-eabi/11.3.1/../../../../arm-none-eabi/lib/thumb/v7-m/nofp/libc_nano.a(libc_a-findfp.o)
                0x00000000080051a8                __sfp_lock_release
 .text.__sinit  0x00000000080051b4       0x30 /opt/st/stm32cubeide_1.13.1/plugins/com.st.stm32cube.ide.mcu.externaltools.gnu-tools-for-stm32.11.3.rel1.linux64_1.1.0.202305231506/tools/bin/../lib/gcc/arm-none-eabi/11.3.1/../../../../arm-none-eabi/lib/thumb/v7-m/nofp/libc_nano.a(libc_a-findfp.o)
                0x00000000080051b4                __sinit
 .text._fwalk_sglue
                0x00000000080051e4       0x3c /opt/st/stm32cubeide_1.13.1/plugins/com.st.stm32cube.ide.mcu.externaltools.gnu-tools-for-stm32.11.3.rel1.linux64_1.1.0.202305231506/tools/bin/../lib/gcc/arm-none-eabi/11.3.1/../../../../arm-none-eabi/lib/thumb/v7-m/nofp/libc_nano.a(libc_a-fwalk.o)
                0x00000000080051e4                _fwalk_sglue
 .text.sprintf  0x0000000008005220       0x40 /opt/st/stm32cubeide_1.13.1/plugins/com.st.stm32cube.ide.mcu.externaltools.gnu-tools-for-stm32.11.3.rel1.linux64_1.1.0.202305231506/tools/bin/../lib/gcc/arm-none-eabi/11.3.1/../../../../arm-none-eabi/lib/thumb/v7-m/nofp/libc_nano.a(libc_a-sprintf.o)
                0x0000000008005220                sprintf
                0x0000000008005220                siprintf
 .text.__sread  0x0000000008005260       0x22 /opt/st/stm32cubeide_1.13.1/plugins/com.st.stm32cube.ide.mcu.externaltools.gnu-tools-for-stm32.11.3.rel1.linux64_1.1.0.202305231506/tools/bin/../lib/gcc/arm-none-eabi/11.3.1/../../../../arm-none-eabi/lib/thumb/v7-m/nofp/libc_nano.a(libc_a-stdio.o)
                0x0000000008005260                __sread
 .text.__swrite
                0x0000000008005282       0x38 /opt/st/stm32cubeide_1.13.1/plugins/com.st.stm32cube.ide.mcu.externaltools.gnu-tools-for-stm32.11.3.rel1.linux64_1.1.0.202305231506/tools/bin/../lib/gcc/arm-none-eabi/11.3.1/../../../../arm-none-eabi/lib/thumb/v7-m/nofp/libc_nano.a(libc_a-stdio.o)
                0x0000000008005282                __swrite
 .text.__sseek  0x00000000080052ba       0x24 /opt/st/stm32cubeide_1.13.1/plugins/com.st.stm32cube.ide.mcu.externaltools.gnu-tools-for-stm32.11.3.rel1.linux64_1.1.0.202305231506/tools/bin/../lib/gcc/arm-none-eabi/11.3.1/../../../../arm-none-eabi/lib/thumb/v7-m/nofp/libc_nano.a(libc_a-stdio.o)
                0x00000000080052ba                __sseek
 .text.__sclose
                0x00000000080052de        0x8 /opt/st/stm32cubeide_1.13.1/plugins/com.st.stm32cube.ide.mcu.externaltools.gnu-tools-for-stm32.11.3.rel1.linux64_1.1.0.202305231506/tools/bin/../lib/gcc/arm-none-eabi/11.3.1/../../../../arm-none-eabi/lib/thumb/v7-m/nofp/libc_nano.a(libc_a-stdio.o)
                0x00000000080052de                __sclose
 .text.memset   0x00000000080052e6       0x10 /opt/st/stm32cubeide_1.13.1/plugins/com.st.stm32cube.ide.mcu.externaltools.gnu-tools-for-stm32.11.3.rel1.linux64_1.1.0.202305231506/tools/bin/../lib/gcc/arm-none-eabi/11.3.1/../../../../arm-none-eabi/lib/thumb/v7-m/nofp/libc_nano.a(libc_a-memset.o)
                0x00000000080052e6                memset
 *fill*         0x00000000080052f6        0x2 
 .text._localeconv_r
                0x00000000080052f8        0x8 /opt/st/stm32cubeide_1.13.1/plugins/com.st.stm32cube.ide.mcu.externaltools.gnu-tools-for-stm32.11.3.rel1.linux64_1.1.0.202305231506/tools/bin/../lib/gcc/arm-none-eabi/11.3.1/../../../../arm-none-eabi/lib/thumb/v7-m/nofp/libc_nano.a(libc_a-localeconv.o)
                0x00000000080052f8                _localeconv_r
 .text._close_r
                0x0000000008005300       0x20 /opt/st/stm32cubeide_1.13.1/plugins/com.st.stm32cube.ide.mcu.externaltools.gnu-tools-for-stm32.11.3.rel1.linux64_1.1.0.202305231506/tools/bin/../lib/gcc/arm-none-eabi/11.3.1/../../../../arm-none-eabi/lib/thumb/v7-m/nofp/libc_nano.a(libc_a-closer.o)
                0x0000000008005300                _close_r
 .text._lseek_r
                0x0000000008005320       0x24 /opt/st/stm32cubeide_1.13.1/plugins/com.st.stm32cube.ide.mcu.externaltools.gnu-tools-for-stm32.11.3.rel1.linux64_1.1.0.202305231506/tools/bin/../lib/gcc/arm-none-eabi/11.3.1/../../../../arm-none-eabi/lib/thumb/v7-m/nofp/libc_nano.a(libc_a-lseekr.o)
                0x0000000008005320                _lseek_r
 .text._read_r  0x0000000008005344       0x24 /opt/st/stm32cubeide_1.13.1/plugins/com.st.stm32cube.ide.mcu.externaltools.gnu-tools-for-stm32.11.3.rel1.linux64_1.1.0.202305231506/tools/bin/../lib/gcc/arm-none-eabi/11.3.1/../../../../arm-none-eabi/lib/thumb/v7-m/nofp/libc_nano.a(libc_a-readr.o)
                0x0000000008005344                _read_r
 .text._write_r
                0x0000000008005368       0x24 /opt/st/stm32cubeide_1.13.1/plugins/com.st.stm32cube.ide.mcu.externaltools.gnu-tools-for-stm32.11.3.rel1.linux64_1.1.0.202305231506/tools/bin/../lib/gcc/arm-none-eabi/11.3.1/../../../../arm-none-eabi/lib/thumb/v7-m/nofp/libc_nano.a(libc_a-writer.o)
                0x0000000008005368                _write_r
 .text.__errno  0x000000000800538c        0xc /opt/st/stm32cubeide_1.13.1/plugins/com.st.stm32cube.ide.mcu.externaltools.gnu-tools-for-stm32.11.3.rel1.linux64_1.1.0.202305231506/tools/bin/../lib/gcc/arm-none-eabi/11.3.1/../../../../arm-none-eabi/lib/thumb/v7-m/nofp/libc_nano.a(libc_a-errno.o)
                0x000000000800538c                __errno
 .text.__libc_init_array
                0x0000000008005398       0x48 /opt/st/stm32cubeide_1.13.1/plugins/com.st.stm32cube.ide.mcu.externaltools.gnu-tools-for-stm32.11.3.rel1.linux64_1.1.0.202305231506/tools/bin/../lib/gcc/arm-none-eabi/11.3.1/../../../../arm-none-eabi/lib/thumb/v7-m/nofp/libc_nano.a(libc_a-init.o)
                0x0000000008005398                __libc_init_array
 .text.__retarget_lock_acquire_recursive
                0x00000000080053e0        0x2 /opt/st/stm32cubeide_1.13.1/plugins/com.st.stm32cube.ide.mcu.externaltools.gnu-tools-for-stm32.11.3.rel1.linux64_1.1.0.202305231506/tools/bin/../lib/gcc/arm-none-eabi/11.3.1/../../../../arm-none-eabi/lib/thumb/v7-m/nofp/libc_nano.a(libc_a-lock.o)
                0x00000000080053e0                __retarget_lock_acquire_recursive
 .text.__retarget_lock_release_recursive
                0x00000000080053e2        0x2 /opt/st/stm32cubeide_1.13.1/plugins/com.st.stm32cube.ide.mcu.externaltools.gnu-tools-for-stm32.11.3.rel1.linux64_1.1.0.202305231506/tools/bin/../lib/gcc/arm-none-eabi/11.3.1/../../../../arm-none-eabi/lib/thumb/v7-m/nofp/libc_nano.a(libc_a-lock.o)
                0x00000000080053e2                __retarget_lock_release_recursive
 .text.memchr   0x00000000080053e4       0x1c /opt/st/stm32cubeide_1.13.1/plugins/com.st.stm32cube.ide.mcu.externaltools.gnu-tools-for-stm32.11.3.rel1.linux64_1.1.0.202305231506/tools/bin/../lib/gcc/arm-none-eabi/11.3.1/../../../../arm-none-eabi/lib/thumb/v7-m/nofp/libc_nano.a(libc_a-memchr-stub.o)
                0x00000000080053e4                memchr
 .text.nanf     0x0000000008005400        0x8 /opt/st/stm32cubeide_1.13.1/plugins/com.st.stm32cube.ide.mcu.externaltools.gnu-tools-for-stm32.11.3.rel1.linux64_1.1.0.202305231506/tools/bin/../lib/gcc/arm-none-eabi/11.3.1/../../../../arm-none-eabi/lib/thumb/v7-m/nofp/libc_nano.a(libm_a-sf_nan.o)
                0x0000000008005400                nanf
 .text.quorem   0x0000000008005408      0x112 /opt/st/stm32cubeide_1.13.1/plugins/com.st.stm32cube.ide.mcu.externaltools.gnu-tools-for-stm32.11.3.rel1.linux64_1.1.0.202305231506/tools/bin/../lib/gcc/arm-none-eabi/11.3.1/../../../../arm-none-eabi/lib/thumb/v7-m/nofp/libc_nano.a(libc_a-dtoa.o)
 *fill*         0x000000000800551a        0x6 
 .text._dtoa_r  0x0000000008005520      0xbc8 /opt/st/stm32cubeide_1.13.1/plugins/com.st.stm32cube.ide.mcu.externaltools.gnu-tools-for-stm32.11.3.rel1.linux64_1.1.0.202305231506/tools/bin/../lib/gcc/arm-none-eabi/11.3.1/../../../../arm-none-eabi/lib/thumb/v7-m/nofp/libc_nano.a(libc_a-dtoa.o)
                0x0000000008005520                _dtoa_r
 .text._free_r  0x00000000080060e8       0x90 /opt/st/stm32cubeide_1.13.1/plugins/com.st.stm32cube.ide.mcu.externaltools.gnu-tools-for-stm32.11.3.rel1.linux64_1.1.0.202305231506/tools/bin/../lib/gcc/arm-none-eabi/11.3.1/../../../../arm-none-eabi/lib/thumb/v7-m/nofp/libc_nano.a(libc_a-freer.o)
                0x00000000080060e8                _free_r
 .text.malloc   0x0000000008006178       0x10 /opt/st/stm32cubeide_1.13.1/plugins/com.st.stm32cube.ide.mcu.externaltools.gnu-tools-for-stm32.11.3.rel1.linux64_1.1.0.202305231506/tools/bin/../lib/gcc/arm-none-eabi/11.3.1/../../../../arm-none-eabi/lib/thumb/v7-m/nofp/libc_nano.a(libc_a-malloc.o)
                0x0000000008006178                malloc
 .text.sbrk_aligned
                0x0000000008006188       0x40 /opt/st/stm32cubeide_1.13.1/plugins/com.st.stm32cube.ide.mcu.externaltools.gnu-tools-for-stm32.11.3.rel1.linux64_1.1.0.202305231506/tools/bin/../lib/gcc/arm-none-eabi/11.3.1/../../../../arm-none-eabi/lib/thumb/v7-m/nofp/libc_nano.a(libc_a-mallocr.o)
 .text._malloc_r
                0x00000000080061c8      0x100 /opt/st/stm32cubeide_1.13.1/plugins/com.st.stm32cube.ide.mcu.externaltools.gnu-tools-for-stm32.11.3.rel1.linux64_1.1.0.202305231506/tools/bin/../lib/gcc/arm-none-eabi/11.3.1/../../../../arm-none-eabi/lib/thumb/v7-m/nofp/libc_nano.a(libc_a-mallocr.o)
                0x00000000080061c8                _malloc_r
 .text.__malloc_lock
                0x00000000080062c8        0xc /opt/st/stm32cubeide_1.13.1/plugins/com.st.stm32cube.ide.mcu.externaltools.gnu-tools-for-stm32.11.3.rel1.linux64_1.1.0.202305231506/tools/bin/../lib/gcc/arm-none-eabi/11.3.1/../../../../arm-none-eabi/lib/thumb/v7-m/nofp/libc_nano.a(libc_a-mlock.o)
                0x00000000080062c8                __malloc_lock
 .text.__malloc_unlock
                0x00000000080062d4        0xc /opt/st/stm32cubeide_1.13.1/plugins/com.st.stm32cube.ide.mcu.externaltools.gnu-tools-for-stm32.11.3.rel1.linux64_1.1.0.202305231506/tools/bin/../lib/gcc/arm-none-eabi/11.3.1/../../../../arm-none-eabi/lib/thumb/v7-m/nofp/libc_nano.a(libc_a-mlock.o)
                0x00000000080062d4                __malloc_unlock
 .text._Balloc  0x00000000080062e0       0x80 /opt/st/stm32cubeide_1.13.1/plugins/com.st.stm32cube.ide.mcu.externaltools.gnu-tools-for-stm32.11.3.rel1.linux64_1.1.0.202305231506/tools/bin/../lib/gcc/arm-none-eabi/11.3.1/../../../../arm-none-eabi/lib/thumb/v7-m/nofp/libc_nano.a(libc_a-mprec.o)
                0x00000000080062e0                _Balloc
 .text._Bfree   0x0000000008006360       0x44 /opt/st/stm32cubeide_1.13.1/plugins/com.st.stm32cube.ide.mcu.externaltools.gnu-tools-for-stm32.11.3.rel1.linux64_1.1.0.202305231506/tools/bin/../lib/gcc/arm-none-eabi/11.3.1/../../../../arm-none-eabi/lib/thumb/v7-m/nofp/libc_nano.a(libc_a-mprec.o)
                0x0000000008006360                _Bfree
 .text.__multadd
                0x00000000080063a4       0x8c /opt/st/stm32cubeide_1.13.1/plugins/com.st.stm32cube.ide.mcu.externaltools.gnu-tools-for-stm32.11.3.rel1.linux64_1.1.0.202305231506/tools/bin/../lib/gcc/arm-none-eabi/11.3.1/../../../../arm-none-eabi/lib/thumb/v7-m/nofp/libc_nano.a(libc_a-mprec.o)
                0x00000000080063a4                __multadd
 .text.__s2b    0x0000000008006430       0x94 /opt/st/stm32cubeide_1.13.1/plugins/com.st.stm32cube.ide.mcu.externaltools.gnu-tools-for-stm32.11.3.rel1.linux64_1.1.0.202305231506/tools/bin/../lib/gcc/arm-none-eabi/11.3.1/../../../../arm-none-eabi/lib/thumb/v7-m/nofp/libc_nano.a(libc_a-mprec.o)
                0x0000000008006430                __s2b
 .text.__hi0bits
                0x00000000080064c4       0x40 /opt/st/stm32cubeide_1.13.1/plugins/com.st.stm32cube.ide.mcu.externaltools.gnu-tools-for-stm32.11.3.rel1.linux64_1.1.0.202305231506/tools/bin/../lib/gcc/arm-none-eabi/11.3.1/../../../../arm-none-eabi/lib/thumb/v7-m/nofp/libc_nano.a(libc_a-mprec.o)
                0x00000000080064c4                __hi0bits
 .text.__lo0bits
                0x0000000008006504       0x5a /opt/st/stm32cubeide_1.13.1/plugins/com.st.stm32cube.ide.mcu.externaltools.gnu-tools-for-stm32.11.3.rel1.linux64_1.1.0.202305231506/tools/bin/../lib/gcc/arm-none-eabi/11.3.1/../../../../arm-none-eabi/lib/thumb/v7-m/nofp/libc_nano.a(libc_a-mprec.o)
                0x0000000008006504                __lo0bits
 *fill*         0x000000000800655e        0x2 
 .text.__i2b    0x0000000008006560       0x2c /opt/st/stm32cubeide_1.13.1/plugins/com.st.stm32cube.ide.mcu.externaltools.gnu-tools-for-stm32.11.3.rel1.linux64_1.1.0.202305231506/tools/bin/../lib/gcc/arm-none-eabi/11.3.1/../../../../arm-none-eabi/lib/thumb/v7-m/nofp/libc_nano.a(libc_a-mprec.o)
                0x0000000008006560                __i2b
 .text.__multiply
                0x000000000800658c      0x150 /opt/st/stm32cubeide_1.13.1/plugins/com.st.stm32cube.ide.mcu.externaltools.gnu-tools-for-stm32.11.3.rel1.linux64_1.1.0.202305231506/tools/bin/../lib/gcc/arm-none-eabi/11.3.1/../../../../arm-none-eabi/lib/thumb/v7-m/nofp/libc_nano.a(libc_a-mprec.o)
                0x000000000800658c                __multiply
 .text.__pow5mult
                0x00000000080066dc       0xb4 /opt/st/stm32cubeide_1.13.1/plugins/com.st.stm32cube.ide.mcu.externaltools.gnu-tools-for-stm32.11.3.rel1.linux64_1.1.0.202305231506/tools/bin/../lib/gcc/arm-none-eabi/11.3.1/../../../../arm-none-eabi/lib/thumb/v7-m/nofp/libc_nano.a(libc_a-mprec.o)
                0x00000000080066dc                __pow5mult
 .text.__lshift
                0x0000000008006790       0xd8 /opt/st/stm32cubeide_1.13.1/plugins/com.st.stm32cube.ide.mcu.externaltools.gnu-tools-for-stm32.11.3.rel1.linux64_1.1.0.202305231506/tools/bin/../lib/gcc/arm-none-eabi/11.3.1/../../../../arm-none-eabi/lib/thumb/v7-m/nofp/libc_nano.a(libc_a-mprec.o)
                0x0000000008006790                __lshift
 .text.__mcmp   0x0000000008006868       0x36 /opt/st/stm32cubeide_1.13.1/plugins/com.st.stm32cube.ide.mcu.externaltools.gnu-tools-for-stm32.11.3.rel1.linux64_1.1.0.202305231506/tools/bin/../lib/gcc/arm-none-eabi/11.3.1/../../../../arm-none-eabi/lib/thumb/v7-m/nofp/libc_nano.a(libc_a-mprec.o)
                0x0000000008006868                __mcmp
 *fill*         0x000000000800689e        0x2 
 .text.__mdiff  0x00000000080068a0      0x118 /opt/st/stm32cubeide_1.13.1/plugins/com.st.stm32cube.ide.mcu.externaltools.gnu-tools-for-stm32.11.3.rel1.linux64_1.1.0.202305231506/tools/bin/../lib/gcc/arm-none-eabi/11.3.1/../../../../arm-none-eabi/lib/thumb/v7-m/nofp/libc_nano.a(libc_a-mprec.o)
                0x00000000080068a0                __mdiff
 .text.__ulp    0x00000000080069b8       0x40 /opt/st/stm32cubeide_1.13.1/plugins/com.st.stm32cube.ide.mcu.externaltools.gnu-tools-for-stm32.11.3.rel1.linux64_1.1.0.202305231506/tools/bin/../lib/gcc/arm-none-eabi/11.3.1/../../../../arm-none-eabi/lib/thumb/v7-m/nofp/libc_nano.a(libc_a-mprec.o)
                0x00000000080069b8                __ulp
 .text.__b2d    0x00000000080069f8       0x90 /opt/st/stm32cubeide_1.13.1/plugins/com.st.stm32cube.ide.mcu.externaltools.gnu-tools-for-stm32.11.3.rel1.linux64_1.1.0.202305231506/tools/bin/../lib/gcc/arm-none-eabi/11.3.1/../../../../arm-none-eabi/lib/thumb/v7-m/nofp/libc_nano.a(libc_a-mprec.o)
                0x00000000080069f8                __b2d
 .text.__d2b    0x0000000008006a88       0xac /opt/st/stm32cubeide_1.13.1/plugins/com.st.stm32cube.ide.mcu.externaltools.gnu-tools-for-stm32.11.3.rel1.linux64_1.1.0.202305231506/tools/bin/../lib/gcc/arm-none-eabi/11.3.1/../../../../arm-none-eabi/lib/thumb/v7-m/nofp/libc_nano.a(libc_a-mprec.o)
                0x0000000008006a88                __d2b
 .text.__ratio  0x0000000008006b34       0x5c /opt/st/stm32cubeide_1.13.1/plugins/com.st.stm32cube.ide.mcu.externaltools.gnu-tools-for-stm32.11.3.rel1.linux64_1.1.0.202305231506/tools/bin/../lib/gcc/arm-none-eabi/11.3.1/../../../../arm-none-eabi/lib/thumb/v7-m/nofp/libc_nano.a(libc_a-mprec.o)
                0x0000000008006b34                __ratio
 .text.__copybits
                0x0000000008006b90       0x46 /opt/st/stm32cubeide_1.13.1/plugins/com.st.stm32cube.ide.mcu.externaltools.gnu-tools-for-stm32.11.3.rel1.linux64_1.1.0.202305231506/tools/bin/../lib/gcc/arm-none-eabi/11.3.1/../../../../arm-none-eabi/lib/thumb/v7-m/nofp/libc_nano.a(libc_a-mprec.o)
                0x0000000008006b90                __copybits
 .text.__any_on
                0x0000000008006bd6       0x42 /opt/st/stm32cubeide_1.13.1/plugins/com.st.stm32cube.ide.mcu.externaltools.gnu-tools-for-stm32.11.3.rel1.linux64_1.1.0.202305231506/tools/bin/../lib/gcc/arm-none-eabi/11.3.1/../../../../arm-none-eabi/lib/thumb/v7-m/nofp/libc_nano.a(libc_a-mprec.o)
                0x0000000008006bd6                __any_on
 .text.sulp     0x0000000008006c18       0x42 /opt/st/stm32cubeide_1.13.1/plugins/com.st.stm32cube.ide.mcu.externaltools.gnu-tools-for-stm32.11.3.rel1.linux64_1.1.0.202305231506/tools/bin/../lib/gcc/arm-none-eabi/11.3.1/../../../../arm-none-eabi/lib/thumb/v7-m/nofp/libc_nano.a(libc_a-strtod.o)
 *fill*         0x0000000008006c5a        0x6 
 .text._strtod_l
                0x0000000008006c60      0xbe8 /opt/st/stm32cubeide_1.13.1/plugins/com.st.stm32cube.ide.mcu.externaltools.gnu-tools-for-stm32.11.3.rel1.linux64_1.1.0.202305231506/tools/bin/../lib/gcc/arm-none-eabi/11.3.1/../../../../arm-none-eabi/lib/thumb/v7-m/nofp/libc_nano.a(libc_a-strtod.o)
                0x0000000008006c60                _strtod_l
 .text._strtod_r
                0x0000000008007848        0xc /opt/st/stm32cubeide_1.13.1/plugins/com.st.stm32cube.ide.mcu.externaltools.gnu-tools-for-stm32.11.3.rel1.linux64_1.1.0.202305231506/tools/bin/../lib/gcc/arm-none-eabi/11.3.1/../../../../arm-none-eabi/lib/thumb/v7-m/nofp/libc_nano.a(libc_a-strtod.o)
                0x0000000008007848                _strtod_r
 .text._strtol_l.constprop.0
                0x0000000008007854       0xfc /opt/st/stm32cubeide_1.13.1/plugins/com.st.stm32cube.ide.mcu.externaltools.gnu-tools-for-stm32.11.3.rel1.linux64_1.1.0.202305231506/tools/bin/../lib/gcc/arm-none-eabi/11.3.1/../../../../arm-none-eabi/lib/thumb/v7-m/nofp/libc_nano.a(libc_a-strtol.o)
 .text._strtol_r
                0x0000000008007950        0x4 /opt/st/stm32cubeide_1.13.1/plugins/com.st.stm32cube.ide.mcu.externaltools.gnu-tools-for-stm32.11.3.rel1.linux64_1.1.0.202305231506/tools/bin/../lib/gcc/arm-none-eabi/11.3.1/../../../../arm-none-eabi/lib/thumb/v7-m/nofp/libc_nano.a(libc_a-strtol.o)
                0x0000000008007950                _strtol_r
 .text.__ssputs_r
                0x0000000008007954       0xb4 /opt/st/stm32cubeide_1.13.1/plugins/com.st.stm32cube.ide.mcu.externaltools.gnu-tools-for-stm32.11.3.rel1.linux64_1.1.0.202305231506/tools/bin/../lib/gcc/arm-none-eabi/11.3.1/../../../../arm-none-eabi/lib/thumb/v7-m/nofp/libc_nano.a(libc_a-nano-svfprintf.o)
                0x0000000008007954                __ssputs_r
 .text._svfprintf_r
                0x0000000008007a08      0x1fc /opt/st/stm32cubeide_1.13.1/plugins/com.st.stm32cube.ide.mcu.externaltools.gnu-tools-for-stm32.11.3.rel1.linux64_1.1.0.202305231506/tools/bin/../lib/gcc/arm-none-eabi/11.3.1/../../../../arm-none-eabi/lib/thumb/v7-m/nofp/libc_nano.a(libc_a-nano-svfprintf.o)
                0x0000000008007a08                _svfprintf_r
                0x0000000008007a08                _svfiprintf_r
 .text.__sflush_r
                0x0000000008007c04      0x104 /opt/st/stm32cubeide_1.13.1/plugins/com.st.stm32cube.ide.mcu.externaltools.gnu-tools-for-stm32.11.3.rel1.linux64_1.1.0.202305231506/tools/bin/../lib/gcc/arm-none-eabi/11.3.1/../../../../arm-none-eabi/lib/thumb/v7-m/nofp/libc_nano.a(libc_a-fflush.o)
                0x0000000008007c04                __sflush_r
 .text._fflush_r
                0x0000000008007d08       0x50 /opt/st/stm32cubeide_1.13.1/plugins/com.st.stm32cube.ide.mcu.externaltools.gnu-tools-for-stm32.11.3.rel1.linux64_1.1.0.202305231506/tools/bin/../lib/gcc/arm-none-eabi/11.3.1/../../../../arm-none-eabi/lib/thumb/v7-m/nofp/libc_nano.a(libc_a-fflush.o)
                0x0000000008007d08                _fflush_r
 .text.memmove  0x0000000008007d58       0x34 /opt/st/stm32cubeide_1.13.1/plugins/com.st.stm32cube.ide.mcu.externaltools.gnu-tools-for-stm32.11.3.rel1.linux64_1.1.0.202305231506/tools/bin/../lib/gcc/arm-none-eabi/11.3.1/../../../../arm-none-eabi/lib/thumb/v7-m/nofp/libc_nano.a(libc_a-memmove.o)
                0x0000000008007d58                memmove
 .text.strncmp  0x0000000008007d8c       0x24 /opt/st/stm32cubeide_1.13.1/plugins/com.st.stm32cube.ide.mcu.externaltools.gnu-tools-for-stm32.11.3.rel1.linux64_1.1.0.202305231506/tools/bin/../lib/gcc/arm-none-eabi/11.3.1/../../../../arm-none-eabi/lib/thumb/v7-m/nofp/libc_nano.a(libc_a-strncmp.o)
                0x0000000008007d8c                strncmp
 .text._sbrk_r  0x0000000008007db0       0x20 /opt/st/stm32cubeide_1.13.1/plugins/com.st.stm32cube.ide.mcu.externaltools.gnu-tools-for-stm32.11.3.rel1.linux64_1.1.0.202305231506/tools/bin/../lib/gcc/arm-none-eabi/11.3.1/../../../../arm-none-eabi/lib/thumb/v7-m/nofp/libc_nano.a(libc_a-sbrkr.o)
                0x0000000008007db0                _sbrk_r
 .text.memcpy   0x0000000008007dd0       0x1c /opt/st/stm32cubeide_1.13.1/plugins/com.st.stm32cube.ide.mcu.externaltools.gnu-tools-for-stm32.11.3.rel1.linux64_1.1.0.202305231506/tools/bin/../lib/gcc/arm-none-eabi/11.3.1/../../../../arm-none-eabi/lib/thumb/v7-m/nofp/libc_nano.a(libc_a-memcpy-stub.o)
                0x0000000008007dd0                memcpy
 .text.nan      0x0000000008007dec        0xc /opt/st/stm32cubeide_1.13.1/plugins/com.st.stm32cube.ide.mcu.externaltools.gnu-tools-for-stm32.11.3.rel1.linux64_1.1.0.202305231506/tools/bin/../lib/gcc/arm-none-eabi/11.3.1/../../../../arm-none-eabi/lib/thumb/v7-m/nofp/libc_nano.a(libm_a-s_nan.o)
                0x0000000008007dec                nan
 .text.__assert_func
                0x0000000008007df8       0x3c /opt/st/stm32cubeide_1.13.1/plugins/com.st.stm32cube.ide.mcu.externaltools.gnu-tools-for-stm32.11.3.rel1.linux64_1.1.0.202305231506/tools/bin/../lib/gcc/arm-none-eabi/11.3.1/../../../../arm-none-eabi/lib/thumb/v7-m/nofp/libc_nano.a(libc_a-assert.o)
                0x0000000008007df8                __assert_func
 .text._calloc_r
                0x0000000008007e34       0x28 /opt/st/stm32cubeide_1.13.1/plugins/com.st.stm32cube.ide.mcu.externaltools.gnu-tools-for-stm32.11.3.rel1.linux64_1.1.0.202305231506/tools/bin/../lib/gcc/arm-none-eabi/11.3.1/../../../../arm-none-eabi/lib/thumb/v7-m/nofp/libc_nano.a(libc_a-callocr.o)
                0x0000000008007e34                _calloc_r
 .text.rshift   0x0000000008007e5c       0xa6 /opt/st/stm32cubeide_1.13.1/plugins/com.st.stm32cube.ide.mcu.externaltools.gnu-tools-for-stm32.11.3.rel1.linux64_1.1.0.202305231506/tools/bin/../lib/gcc/arm-none-eabi/11.3.1/../../../../arm-none-eabi/lib/thumb/v7-m/nofp/libc_nano.a(libc_a-gdtoa-gethex.o)
 .text.__hexdig_fun
                0x0000000008007f02       0x2a /opt/st/stm32cubeide_1.13.1/plugins/com.st.stm32cube.ide.mcu.externaltools.gnu-tools-for-stm32.11.3.rel1.linux64_1.1.0.202305231506/tools/bin/../lib/gcc/arm-none-eabi/11.3.1/../../../../arm-none-eabi/lib/thumb/v7-m/nofp/libc_nano.a(libc_a-gdtoa-gethex.o)
                0x0000000008007f02                __hexdig_fun
 .text.__gethex
                0x0000000008007f2c      0x460 /opt/st/stm32cubeide_1.13.1/plugins/com.st.stm32cube.ide.mcu.externaltools.gnu-tools-for-stm32.11.3.rel1.linux64_1.1.0.202305231506/tools/bin/../lib/gcc/arm-none-eabi/11.3.1/../../../../arm-none-eabi/lib/thumb/v7-m/nofp/libc_nano.a(libc_a-gdtoa-gethex.o)
                0x0000000008007f2c                __gethex
 .text.L_shift  0x000000000800838c       0x24 /opt/st/stm32cubeide_1.13.1/plugins/com.st.stm32cube.ide.mcu.externaltools.gnu-tools-for-stm32.11.3.rel1.linux64_1.1.0.202305231506/tools/bin/../lib/gcc/arm-none-eabi/11.3.1/../../../../arm-none-eabi/lib/thumb/v7-m/nofp/libc_nano.a(libc_a-gdtoa-hexnan.o)
 .text.__match  0x00000000080083b0       0x28 /opt/st/stm32cubeide_1.13.1/plugins/com.st.stm32cube.ide.mcu.externaltools.gnu-tools-for-stm32.11.3.rel1.linux64_1.1.0.202305231506/tools/bin/../lib/gcc/arm-none-eabi/11.3.1/../../../../arm-none-eabi/lib/thumb/v7-m/nofp/libc_nano.a(libc_a-gdtoa-hexnan.o)
                0x00000000080083b0                __match
 .text.__hexnan
                0x00000000080083d8      0x136 /opt/st/stm32cubeide_1.13.1/plugins/com.st.stm32cube.ide.mcu.externaltools.gnu-tools-for-stm32.11.3.rel1.linux64_1.1.0.202305231506/tools/bin/../lib/gcc/arm-none-eabi/11.3.1/../../../../arm-none-eabi/lib/thumb/v7-m/nofp/libc_nano.a(libc_a-gdtoa-hexnan.o)
                0x00000000080083d8                __hexnan
 .text.__ascii_mbtowc
                0x000000000800850e       0x24 /opt/st/stm32cubeide_1.13.1/plugins/com.st.stm32cube.ide.mcu.externaltools.gnu-tools-for-stm32.11.3.rel1.linux64_1.1.0.202305231506/tools/bin/../lib/gcc/arm-none-eabi/11.3.1/../../../../arm-none-eabi/lib/thumb/v7-m/nofp/libc_nano.a(libc_a-mbtowc_r.o)
                0x000000000800850e                __ascii_mbtowc
 .text._realloc_r
                0x0000000008008532       0x5e /opt/st/stm32cubeide_1.13.1/plugins/com.st.stm32cube.ide.mcu.externaltools.gnu-tools-for-stm32.11.3.rel1.linux64_1.1.0.202305231506/tools/bin/../lib/gcc/arm-none-eabi/11.3.1/../../../../arm-none-eabi/lib/thumb/v7-m/nofp/libc_nano.a(libc_a-reallocr.o)
                0x0000000008008532                _realloc_r
 .text.__ascii_wctomb
                0x0000000008008590       0x1a /opt/st/stm32cubeide_1.13.1/plugins/com.st.stm32cube.ide.mcu.externaltools.gnu-tools-for-stm32.11.3.rel1.linux64_1.1.0.202305231506/tools/bin/../lib/gcc/arm-none-eabi/11.3.1/../../../../arm-none-eabi/lib/thumb/v7-m/nofp/libc_nano.a(libc_a-wctomb_r.o)
                0x0000000008008590                __ascii_wctomb
 *fill*         0x00000000080085aa        0x2 
 .text.fprintf  0x00000000080085ac       0x24 /opt/st/stm32cubeide_1.13.1/plugins/com.st.stm32cube.ide.mcu.externaltools.gnu-tools-for-stm32.11.3.rel1.linux64_1.1.0.202305231506/tools/bin/../lib/gcc/arm-none-eabi/11.3.1/../../../../arm-none-eabi/lib/thumb/v7-m/nofp/libc_nano.a(libc_a-fprintf.o)
                0x00000000080085ac                fprintf
                0x00000000080085ac                fiprintf
 .text.abort    0x00000000080085d0        0xe /opt/st/stm32cubeide_1.13.1/plugins/com.st.stm32cube.ide.mcu.externaltools.gnu-tools-for-stm32.11.3.rel1.linux64_1.1.0.202305231506/tools/bin/../lib/gcc/arm-none-eabi/11.3.1/../../../../arm-none-eabi/lib/thumb/v7-m/nofp/libc_nano.a(libc_a-abort.o)
                0x00000000080085d0                abort
 .text._malloc_usable_size_r
                0x00000000080085de       0x10 /opt/st/stm32cubeide_1.13.1/plugins/com.st.stm32cube.ide.mcu.externaltools.gnu-tools-for-stm32.11.3.rel1.linux64_1.1.0.202305231506/tools/bin/../lib/gcc/arm-none-eabi/11.3.1/../../../../arm-none-eabi/lib/thumb/v7-m/nofp/libc_nano.a(libc_a-msizer.o)
                0x00000000080085de                _malloc_usable_size_r
 .text.__sfputc_r
                0x00000000080085ee       0x2a /opt/st/stm32cubeide_1.13.1/plugins/com.st.stm32cube.ide.mcu.externaltools.gnu-tools-for-stm32.11.3.rel1.linux64_1.1.0.202305231506/tools/bin/../lib/gcc/arm-none-eabi/11.3.1/../../../../arm-none-eabi/lib/thumb/v7-m/nofp/libc_nano.a(libc_a-nano-vfprintf.o)
 .text.__sfputs_r
                0x0000000008008618       0x24 /opt/st/stm32cubeide_1.13.1/plugins/com.st.stm32cube.ide.mcu.externaltools.gnu-tools-for-stm32.11.3.rel1.linux64_1.1.0.202305231506/tools/bin/../lib/gcc/arm-none-eabi/11.3.1/../../../../arm-none-eabi/lib/thumb/v7-m/nofp/libc_nano.a(libc_a-nano-vfprintf.o)
                0x0000000008008618                __sfputs_r
 .text._vfprintf_r
                0x000000000800863c      0x234 /opt/st/stm32cubeide_1.13.1/plugins/com.st.stm32cube.ide.mcu.externaltools.gnu-tools-for-stm32.11.3.rel1.linux64_1.1.0.202305231506/tools/bin/../lib/gcc/arm-none-eabi/11.3.1/../../../../arm-none-eabi/lib/thumb/v7-m/nofp/libc_nano.a(libc_a-nano-vfprintf.o)
                0x000000000800863c                _vfiprintf_r
                0x000000000800863c                _vfprintf_r
 .text.__swbuf_r
                0x0000000008008870       0x7a /opt/st/stm32cubeide_1.13.1/plugins/com.st.stm32cube.ide.mcu.externaltools.gnu-tools-for-stm32.11.3.rel1.linux64_1.1.0.202305231506/tools/bin/../lib/gcc/arm-none-eabi/11.3.1/../../../../arm-none-eabi/lib/thumb/v7-m/nofp/libc_nano.a(libc_a-wbuf.o)
                0x0000000008008870                __swbuf_r
 *fill*         0x00000000080088ea        0x2 
 .text.__swsetup_r
                0x00000000080088ec       0xb0 /opt/st/stm32cubeide_1.13.1/plugins/com.st.stm32cube.ide.mcu.externaltools.gnu-tools-for-stm32.11.3.rel1.linux64_1.1.0.202305231506/tools/bin/../lib/gcc/arm-none-eabi/11.3.1/../../../../arm-none-eabi/lib/thumb/v7-m/nofp/libc_nano.a(libc_a-wsetup.o)
                0x00000000080088ec                __swsetup_r
 .text._raise_r
                0x000000000800899c       0x50 /opt/st/stm32cubeide_1.13.1/plugins/com.st.stm32cube.ide.mcu.externaltools.gnu-tools-for-stm32.11.3.rel1.linux64_1.1.0.202305231506/tools/bin/../lib/gcc/arm-none-eabi/11.3.1/../../../../arm-none-eabi/lib/thumb/v7-m/nofp/libc_nano.a(libc_a-signal.o)
                0x000000000800899c                _raise_r
 .text.raise    0x00000000080089ec       0x10 /opt/st/stm32cubeide_1.13.1/plugins/com.st.stm32cube.ide.mcu.externaltools.gnu-tools-for-stm32.11.3.rel1.linux64_1.1.0.202305231506/tools/bin/../lib/gcc/arm-none-eabi/11.3.1/../../../../arm-none-eabi/lib/thumb/v7-m/nofp/libc_nano.a(libc_a-signal.o)
                0x00000000080089ec                raise
 .text._kill_r  0x00000000080089fc       0x24 /opt/st/stm32cubeide_1.13.1/plugins/com.st.stm32cube.ide.mcu.externaltools.gnu-tools-for-stm32.11.3.rel1.linux64_1.1.0.202305231506/tools/bin/../lib/gcc/arm-none-eabi/11.3.1/../../../../arm-none-eabi/lib/thumb/v7-m/nofp/libc_nano.a(libc_a-signalr.o)
                0x00000000080089fc                _kill_r
 .text._getpid_r
                0x0000000008008a20        0x4 /opt/st/stm32cubeide_1.13.1/plugins/com.st.stm32cube.ide.mcu.externaltools.gnu-tools-for-stm32.11.3.rel1.linux64_1.1.0.202305231506/tools/bin/../lib/gcc/arm-none-eabi/11.3.1/../../../../arm-none-eabi/lib/thumb/v7-m/nofp/libc_nano.a(libc_a-signalr.o)
                0x0000000008008a20                _getpid_r
 .text.__swhatbuf_r
                0x0000000008008a24       0x4a /opt/st/stm32cubeide_1.13.1/plugins/com.st.stm32cube.ide.mcu.externaltools.gnu-tools-for-stm32.11.3.rel1.linux64_1.1.0.202305231506/tools/bin/../lib/gcc/arm-none-eabi/11.3.1/../../../../arm-none-eabi/lib/thumb/v7-m/nofp/libc_nano.a(libc_a-makebuf.o)
                0x0000000008008a24                __swhatbuf_r
 .text.__smakebuf_r
                0x0000000008008a6e       0x78 /opt/st/stm32cubeide_1.13.1/plugins/com.st.stm32cube.ide.mcu.externaltools.gnu-tools-for-stm32.11.3.rel1.linux64_1.1.0.202305231506/tools/bin/../lib/gcc/arm-none-eabi/11.3.1/../../../../arm-none-eabi/lib/thumb/v7-m/nofp/libc_nano.a(libc_a-makebuf.o)
                0x0000000008008a6e                __smakebuf_r
 *fill*         0x0000000008008ae6        0x2 
 .text._fstat_r
                0x0000000008008ae8       0x24 /opt/st/stm32cubeide_1.13.1/plugins/com.st.stm32cube.ide.mcu.externaltools.gnu-tools-for-stm32.11.3.rel1.linux64_1.1.0.202305231506/tools/bin/../lib/gcc/arm-none-eabi/11.3.1/../../../../arm-none-eabi/lib/thumb/v7-m/nofp/libc_nano.a(libc_a-fstatr.o)
                0x0000000008008ae8                _fstat_r
 .text._isatty_r
                0x0000000008008b0c       0x20 /opt/st/stm32cubeide_1.13.1/plugins/com.st.stm32cube.ide.mcu.externaltools.gnu-tools-for-stm32.11.3.rel1.linux64_1.1.0.202305231506/tools/bin/../lib/gcc/arm-none-eabi/11.3.1/../../../../arm-none-eabi/lib/thumb/v7-m/nofp/libc_nano.a(libc_a-isattyr.o)
                0x0000000008008b0c                _isatty_r
 *(.glue_7)
 .glue_7        0x0000000008008b2c        0x0 linker stubs
 *(.glue_7t)
 .glue_7t       0x0000000008008b2c        0x0 linker stubs
 *(.eh_frame)
 .eh_frame      0x0000000008008b2c        0x0 /opt/st/stm32cubeide_1.13.1/plugins/com.st.stm32cube.ide.mcu.externaltools.gnu-tools-for-stm32.11.3.rel1.linux64_1.1.0.202305231506/tools/bin/../lib/gcc/arm-none-eabi/11.3.1/thumb/v7-m/nofp/crtbegin.o
 *(.init)
 .init          0x0000000008008b2c        0x4 /opt/st/stm32cubeide_1.13.1/plugins/com.st.stm32cube.ide.mcu.externaltools.gnu-tools-for-stm32.11.3.rel1.linux64_1.1.0.202305231506/tools/bin/../lib/gcc/arm-none-eabi/11.3.1/thumb/v7-m/nofp/crti.o
                0x0000000008008b2c                _init
 .init          0x0000000008008b30        0x8 /opt/st/stm32cubeide_1.13.1/plugins/com.st.stm32cube.ide.mcu.externaltools.gnu-tools-for-stm32.11.3.rel1.linux64_1.1.0.202305231506/tools/bin/../lib/gcc/arm-none-eabi/11.3.1/thumb/v7-m/nofp/crtn.o
 *(.fini)
 .fini          0x0000000008008b38        0x4 /opt/st/stm32cubeide_1.13.1/plugins/com.st.stm32cube.ide.mcu.externaltools.gnu-tools-for-stm32.11.3.rel1.linux64_1.1.0.202305231506/tools/bin/../lib/gcc/arm-none-eabi/11.3.1/thumb/v7-m/nofp/crti.o
                0x0000000008008b38                _fini
 .fini          0x0000000008008b3c        0x8 /opt/st/stm32cubeide_1.13.1/plugins/com.st.stm32cube.ide.mcu.externaltools.gnu-tools-for-stm32.11.3.rel1.linux64_1.1.0.202305231506/tools/bin/../lib/gcc/arm-none-eabi/11.3.1/thumb/v7-m/nofp/crtn.o
                0x0000000008008b44                . = ALIGN (0x4)
                0x0000000008008b44                _etext = .

.vfp11_veneer   0x0000000008008b44        0x0
 .vfp11_veneer  0x0000000008008b44        0x0 linker stubs

.v4_bx          0x0000000008008b44        0x0
 .v4_bx         0x0000000008008b44        0x0 linker stubs

.iplt           0x0000000008008b44        0x0
 .iplt          0x0000000008008b44        0x0 /opt/st/stm32cubeide_1.13.1/plugins/com.st.stm32cube.ide.mcu.externaltools.gnu-tools-for-stm32.11.3.rel1.linux64_1.1.0.202305231506/tools/bin/../lib/gcc/arm-none-eabi/11.3.1/thumb/v7-m/nofp/crtbegin.o

.rodata         0x0000000008008b48     0x2548
                0x0000000008008b48                . = ALIGN (0x4)
 *(.rodata)
 .rodata        0x0000000008008b48       0x22 ./Core/Src/main.o
 *(.rodata*)
 *fill*         0x0000000008008b6a        0x2 
 .rodata.Font11x18
                0x0000000008008b6c      0xd5c ./Core/Src/fonts.o
                0x0000000008008b6c                Font11x18
 .rodata.Font16x26
                0x00000000080098c8     0x134c ./Core/Src/fonts.o
                0x00000000080098c8                Font16x26
 .rodata.AHBPrescTable
                0x000000000800ac14       0x10 ./Core/Src/system_stm32f1xx.o
                0x000000000800ac14                AHBPrescTable
 .rodata.APBPrescTable
                0x000000000800ac24        0x8 ./Core/Src/system_stm32f1xx.o
                0x000000000800ac24                APBPrescTable
 .rodata.aPLLMULFactorTable.1
                0x000000000800ac2c       0x10 ./Drivers/STM32F1xx_HAL_Driver/Src/stm32f1xx_hal_rcc.o
 .rodata.aPredivFactorTable.0
                0x000000000800ac3c        0x2 ./Drivers/STM32F1xx_HAL_Driver/Src/stm32f1xx_hal_rcc.o
 .rodata.__utoa.str1.1
                0x000000000800ac3e       0x25 /opt/st/stm32cubeide_1.13.1/plugins/com.st.stm32cube.ide.mcu.externaltools.gnu-tools-for-stm32.11.3.rel1.linux64_1.1.0.202305231506/tools/bin/../lib/gcc/arm-none-eabi/11.3.1/../../../../arm-none-eabi/lib/thumb/v7-m/nofp/libc_nano.a(libc_a-utoa.o)
 .rodata._printf_float.str1.1
                0x000000000800ac63       0x12 /opt/st/stm32cubeide_1.13.1/plugins/com.st.stm32cube.ide.mcu.externaltools.gnu-tools-for-stm32.11.3.rel1.linux64_1.1.0.202305231506/tools/bin/../lib/gcc/arm-none-eabi/11.3.1/../../../../arm-none-eabi/lib/thumb/v7-m/nofp/libc_nano.a(libc_a-nano-vfprintf_float.o)
 .rodata._printf_i.str1.1
                0x000000000800ac75       0x22 /opt/st/stm32cubeide_1.13.1/plugins/com.st.stm32cube.ide.mcu.externaltools.gnu-tools-for-stm32.11.3.rel1.linux64_1.1.0.202305231506/tools/bin/../lib/gcc/arm-none-eabi/11.3.1/../../../../arm-none-eabi/lib/thumb/v7-m/nofp/libc_nano.a(libc_a-nano-vfprintf_i.o)
 .rodata._scanf_float.str1.1
                0x000000000800ac97        0x5 /opt/st/stm32cubeide_1.13.1/plugins/com.st.stm32cube.ide.mcu.externaltools.gnu-tools-for-stm32.11.3.rel1.linux64_1.1.0.202305231506/tools/bin/../lib/gcc/arm-none-eabi/11.3.1/../../../../arm-none-eabi/lib/thumb/v7-m/nofp/libc_nano.a(libc_a-nano-vfscanf_float.o)
                                          0x6 (size before relaxing)
 .rodata._dtoa_r.str1.1
                0x000000000800ac9c       0x8d /opt/st/stm32cubeide_1.13.1/plugins/com.st.stm32cube.ide.mcu.externaltools.gnu-tools-for-stm32.11.3.rel1.linux64_1.1.0.202305231506/tools/bin/../lib/gcc/arm-none-eabi/11.3.1/../../../../arm-none-eabi/lib/thumb/v7-m/nofp/libc_nano.a(libc_a-dtoa.o)
                                         0x8f (size before relaxing)
 .rodata._Balloc.str1.1
                0x000000000800ad29       0x59 /opt/st/stm32cubeide_1.13.1/plugins/com.st.stm32cube.ide.mcu.externaltools.gnu-tools-for-stm32.11.3.rel1.linux64_1.1.0.202305231506/tools/bin/../lib/gcc/arm-none-eabi/11.3.1/../../../../arm-none-eabi/lib/thumb/v7-m/nofp/libc_nano.a(libc_a-mprec.o)
                                         0x70 (size before relaxing)
 .rodata.__multadd.str1.1
                0x000000000800ad82       0x11 /opt/st/stm32cubeide_1.13.1/plugins/com.st.stm32cube.ide.mcu.externaltools.gnu-tools-for-stm32.11.3.rel1.linux64_1.1.0.202305231506/tools/bin/../lib/gcc/arm-none-eabi/11.3.1/../../../../arm-none-eabi/lib/thumb/v7-m/nofp/libc_nano.a(libc_a-mprec.o)
 *fill*         0x000000000800ad82        0x6 
 .rodata.__mprec_bigtens
                0x000000000800ad88       0x28 /opt/st/stm32cubeide_1.13.1/plugins/com.st.stm32cube.ide.mcu.externaltools.gnu-tools-for-stm32.11.3.rel1.linux64_1.1.0.202305231506/tools/bin/../lib/gcc/arm-none-eabi/11.3.1/../../../../arm-none-eabi/lib/thumb/v7-m/nofp/libc_nano.a(libc_a-mprec.o)
                0x000000000800ad88                __mprec_bigtens
 .rodata.__mprec_tens
                0x000000000800adb0       0xc8 /opt/st/stm32cubeide_1.13.1/plugins/com.st.stm32cube.ide.mcu.externaltools.gnu-tools-for-stm32.11.3.rel1.linux64_1.1.0.202305231506/tools/bin/../lib/gcc/arm-none-eabi/11.3.1/../../../../arm-none-eabi/lib/thumb/v7-m/nofp/libc_nano.a(libc_a-mprec.o)
                0x000000000800adb0                __mprec_tens
 .rodata.p05.0  0x000000000800ae78        0xc /opt/st/stm32cubeide_1.13.1/plugins/com.st.stm32cube.ide.mcu.externaltools.gnu-tools-for-stm32.11.3.rel1.linux64_1.1.0.202305231506/tools/bin/../lib/gcc/arm-none-eabi/11.3.1/../../../../arm-none-eabi/lib/thumb/v7-m/nofp/libc_nano.a(libc_a-mprec.o)
 .rodata._strtod_l.str1.1
                0x000000000800ae84        0x2 /opt/st/stm32cubeide_1.13.1/plugins/com.st.stm32cube.ide.mcu.externaltools.gnu-tools-for-stm32.11.3.rel1.linux64_1.1.0.202305231506/tools/bin/../lib/gcc/arm-none-eabi/11.3.1/../../../../arm-none-eabi/lib/thumb/v7-m/nofp/libc_nano.a(libc_a-strtod.o)
                                          0xf (size before relaxing)
 *fill*         0x000000000800ae86        0x2 
 .rodata.fpi.1  0x000000000800ae88       0x14 /opt/st/stm32cubeide_1.13.1/plugins/com.st.stm32cube.ide.mcu.externaltools.gnu-tools-for-stm32.11.3.rel1.linux64_1.1.0.202305231506/tools/bin/../lib/gcc/arm-none-eabi/11.3.1/../../../../arm-none-eabi/lib/thumb/v7-m/nofp/libc_nano.a(libc_a-strtod.o)
 .rodata.fpinan.0
                0x000000000800ae9c       0x14 /opt/st/stm32cubeide_1.13.1/plugins/com.st.stm32cube.ide.mcu.externaltools.gnu-tools-for-stm32.11.3.rel1.linux64_1.1.0.202305231506/tools/bin/../lib/gcc/arm-none-eabi/11.3.1/../../../../arm-none-eabi/lib/thumb/v7-m/nofp/libc_nano.a(libc_a-strtod.o)
 .rodata.tinytens
                0x000000000800aeb0       0x28 /opt/st/stm32cubeide_1.13.1/plugins/com.st.stm32cube.ide.mcu.externaltools.gnu-tools-for-stm32.11.3.rel1.linux64_1.1.0.202305231506/tools/bin/../lib/gcc/arm-none-eabi/11.3.1/../../../../arm-none-eabi/lib/thumb/v7-m/nofp/libc_nano.a(libc_a-strtod.o)
 .rodata._ctype_
                0x000000000800aed8      0x101 /opt/st/stm32cubeide_1.13.1/plugins/com.st.stm32cube.ide.mcu.externaltools.gnu-tools-for-stm32.11.3.rel1.linux64_1.1.0.202305231506/tools/bin/../lib/gcc/arm-none-eabi/11.3.1/../../../../arm-none-eabi/lib/thumb/v7-m/nofp/libc_nano.a(libc_a-ctype_.o)
                0x000000000800aed8                _ctype_
 .rodata._svfprintf_r.str1.1
                0x000000000800afd9       0x11 /opt/st/stm32cubeide_1.13.1/plugins/com.st.stm32cube.ide.mcu.externaltools.gnu-tools-for-stm32.11.3.rel1.linux64_1.1.0.202305231506/tools/bin/../lib/gcc/arm-none-eabi/11.3.1/../../../../arm-none-eabi/lib/thumb/v7-m/nofp/libc_nano.a(libc_a-nano-svfprintf.o)
 .rodata._setlocale_r.str1.1
                0x000000000800afea        0x8 /opt/st/stm32cubeide_1.13.1/plugins/com.st.stm32cube.ide.mcu.externaltools.gnu-tools-for-stm32.11.3.rel1.linux64_1.1.0.202305231506/tools/bin/../lib/gcc/arm-none-eabi/11.3.1/../../../../arm-none-eabi/lib/thumb/v7-m/nofp/libc_nano.a(libc_a-locale.o)
                                          0x9 (size before relaxing)
 .rodata.str1.1
                0x000000000800aff2        0x2 /opt/st/stm32cubeide_1.13.1/plugins/com.st.stm32cube.ide.mcu.externaltools.gnu-tools-for-stm32.11.3.rel1.linux64_1.1.0.202305231506/tools/bin/../lib/gcc/arm-none-eabi/11.3.1/../../../../arm-none-eabi/lib/thumb/v7-m/nofp/libc_nano.a(libc_a-locale.o)
 .rodata.__assert_func.str1.1
                0x000000000800aff2       0x3c /opt/st/stm32cubeide_1.13.1/plugins/com.st.stm32cube.ide.mcu.externaltools.gnu-tools-for-stm32.11.3.rel1.linux64_1.1.0.202305231506/tools/bin/../lib/gcc/arm-none-eabi/11.3.1/../../../../arm-none-eabi/lib/thumb/v7-m/nofp/libc_nano.a(libc_a-assert.o)
                                         0x3d (size before relaxing)
 .rodata.__gethex.str1.1
                0x000000000800b02e       0x60 /opt/st/stm32cubeide_1.13.1/plugins/com.st.stm32cube.ide.mcu.externaltools.gnu-tools-for-stm32.11.3.rel1.linux64_1.1.0.202305231506/tools/bin/../lib/gcc/arm-none-eabi/11.3.1/../../../../arm-none-eabi/lib/thumb/v7-m/nofp/libc_nano.a(libc_a-gdtoa-gethex.o)
                                         0x73 (size before relaxing)
 .rodata._vfprintf_r.str1.1
                0x000000000800b08e       0x11 /opt/st/stm32cubeide_1.13.1/plugins/com.st.stm32cube.ide.mcu.externaltools.gnu-tools-for-stm32.11.3.rel1.linux64_1.1.0.202305231506/tools/bin/../lib/gcc/arm-none-eabi/11.3.1/../../../../arm-none-eabi/lib/thumb/v7-m/nofp/libc_nano.a(libc_a-nano-vfprintf.o)
                0x000000000800b0a0                . = ALIGN (0x4)
 *fill*         0x000000000800b08e        0x2 

.rel.dyn        0x000000000800b090        0x0
 .rel.iplt      0x000000000800b090        0x0 /opt/st/stm32cubeide_1.13.1/plugins/com.st.stm32cube.ide.mcu.externaltools.gnu-tools-for-stm32.11.3.rel1.linux64_1.1.0.202305231506/tools/bin/../lib/gcc/arm-none-eabi/11.3.1/thumb/v7-m/nofp/crtbegin.o

.ARM.extab      0x000000000800b090        0x0
                0x000000000800b090                . = ALIGN (0x4)
 *(.ARM.extab* .gnu.linkonce.armextab.*)
                0x000000000800b090                . = ALIGN (0x4)

.ARM            0x000000000800b090        0x0
                0x000000000800b090                . = ALIGN (0x4)
                0x000000000800b090                __exidx_start = .
 *(.ARM.exidx*)
                0x000000000800b090                __exidx_end = .
                0x000000000800b090                . = ALIGN (0x4)

.preinit_array  0x000000000800b090        0x0
                0x000000000800b090                . = ALIGN (0x4)
                0x000000000800b090                PROVIDE (__preinit_array_start = .)
 *(.preinit_array*)
                0x000000000800b090                PROVIDE (__preinit_array_end = .)
                0x000000000800b090                . = ALIGN (0x4)

.init_array     0x000000000800b090        0x4
                0x000000000800b090                . = ALIGN (0x4)
                0x000000000800b090                PROVIDE (__init_array_start = .)
 *(SORT_BY_NAME(.init_array.*))
 *(.init_array*)
 .init_array    0x000000000800b090        0x4 /opt/st/stm32cubeide_1.13.1/plugins/com.st.stm32cube.ide.mcu.externaltools.gnu-tools-for-stm32.11.3.rel1.linux64_1.1.0.202305231506/tools/bin/../lib/gcc/arm-none-eabi/11.3.1/thumb/v7-m/nofp/crtbegin.o
                0x000000000800b094                PROVIDE (__init_array_end = .)
                0x000000000800b094                . = ALIGN (0x4)

.fini_array     0x000000000800b094        0x4
                0x000000000800b094                . = ALIGN (0x4)
                [!provide]                        PROVIDE (__fini_array_start = .)
 *(SORT_BY_NAME(.fini_array.*))
 *(.fini_array*)
 .fini_array    0x000000000800b094        0x4 /opt/st/stm32cubeide_1.13.1/plugins/com.st.stm32cube.ide.mcu.externaltools.gnu-tools-for-stm32.11.3.rel1.linux64_1.1.0.202305231506/tools/bin/../lib/gcc/arm-none-eabi/11.3.1/thumb/v7-m/nofp/crtbegin.o
                [!provide]                        PROVIDE (__fini_array_end = .)
                0x000000000800b098                . = ALIGN (0x4)
                0x000000000800b098                _sidata = LOADADDR (.data)

.data           0x0000000020000000      0x1e4 load address 0x000000000800b098
                0x0000000020000000                . = ALIGN (0x4)
                0x0000000020000000                _sdata = .
 *(.data)
 *(.data*)
 .data.Font_11x18
                0x0000000020000000        0x8 ./Core/Src/fonts.o
                0x0000000020000000                Font_11x18
 .data.Font_16x26
                0x0000000020000008        0x8 ./Core/Src/fonts.o
                0x0000000020000008                Font_16x26
 .data.SystemCoreClock
                0x0000000020000010        0x4 ./Core/Src/system_stm32f1xx.o
                0x0000000020000010                SystemCoreClock
 .data.uwTickPrio
                0x0000000020000014        0x4 ./Drivers/STM32F1xx_HAL_Driver/Src/stm32f1xx_hal.o
                0x0000000020000014                uwTickPrio
 .data.uwTickFreq
                0x0000000020000018        0x1 ./Drivers/STM32F1xx_HAL_Driver/Src/stm32f1xx_hal.o
                0x0000000020000018                uwTickFreq
 *fill*         0x0000000020000019        0x3 
 .data.__sglue  0x000000002000001c        0xc /opt/st/stm32cubeide_1.13.1/plugins/com.st.stm32cube.ide.mcu.externaltools.gnu-tools-for-stm32.11.3.rel1.linux64_1.1.0.202305231506/tools/bin/../lib/gcc/arm-none-eabi/11.3.1/../../../../arm-none-eabi/lib/thumb/v7-m/nofp/libc_nano.a(libc_a-findfp.o)
                0x000000002000001c                __sglue
 .data._impure_data
                0x0000000020000028       0x4c /opt/st/stm32cubeide_1.13.1/plugins/com.st.stm32cube.ide.mcu.externaltools.gnu-tools-for-stm32.11.3.rel1.linux64_1.1.0.202305231506/tools/bin/../lib/gcc/arm-none-eabi/11.3.1/../../../../arm-none-eabi/lib/thumb/v7-m/nofp/libc_nano.a(libc_a-impure.o)
                0x0000000020000028                _impure_data
 .data._impure_ptr
                0x0000000020000074        0x4 /opt/st/stm32cubeide_1.13.1/plugins/com.st.stm32cube.ide.mcu.externaltools.gnu-tools-for-stm32.11.3.rel1.linux64_1.1.0.202305231506/tools/bin/../lib/gcc/arm-none-eabi/11.3.1/../../../../arm-none-eabi/lib/thumb/v7-m/nofp/libc_nano.a(libc_a-impure.o)
                0x0000000020000074                _impure_ptr
 .data.__global_locale
                0x0000000020000078      0x16c /opt/st/stm32cubeide_1.13.1/plugins/com.st.stm32cube.ide.mcu.externaltools.gnu-tools-for-stm32.11.3.rel1.linux64_1.1.0.202305231506/tools/bin/../lib/gcc/arm-none-eabi/11.3.1/../../../../arm-none-eabi/lib/thumb/v7-m/nofp/libc_nano.a(libc_a-locale.o)
                0x0000000020000078                __global_locale
 *(.RamFunc)
 *(.RamFunc*)
                0x00000000200001e4                . = ALIGN (0x4)
                0x00000000200001e4                _edata = .

.igot.plt       0x00000000200001e4        0x0 load address 0x000000000800b27c
 .igot.plt      0x00000000200001e4        0x0 /opt/st/stm32cubeide_1.13.1/plugins/com.st.stm32cube.ide.mcu.externaltools.gnu-tools-for-stm32.11.3.rel1.linux64_1.1.0.202305231506/tools/bin/../lib/gcc/arm-none-eabi/11.3.1/thumb/v7-m/nofp/crtbegin.o
                0x00000000200001e4                . = ALIGN (0x4)

.bss            0x00000000200001e4      0x6a4 load address 0x000000000800b27c
                0x00000000200001e4                _sbss = .
                0x00000000200001e4                __bss_start__ = _sbss
 *(.bss)
 .bss           0x00000000200001e4       0x1c /opt/st/stm32cubeide_1.13.1/plugins/com.st.stm32cube.ide.mcu.externaltools.gnu-tools-for-stm32.11.3.rel1.linux64_1.1.0.202305231506/tools/bin/../lib/gcc/arm-none-eabi/11.3.1/thumb/v7-m/nofp/crtbegin.o
 *(.bss*)
 .bss.hi2c2     0x0000000020000200       0x54 ./Core/Src/main.o
                0x0000000020000200                hi2c2
 .bss.htim1     0x0000000020000254       0x48 ./Core/Src/main.o
                0x0000000020000254                htim1
 .bss.htim2     0x000000002000029c       0x48 ./Core/Src/main.o
                0x000000002000029c                htim2
 .bss.htim3     0x00000000200002e4       0x48 ./Core/Src/main.o
                0x00000000200002e4                htim3
 .bss.SSD1306_Buffer
                0x000000002000032c      0x400 ./Core/Src/ssd1306.o
 .bss.SSD1306   0x000000002000072c        0x6 ./Core/Src/ssd1306.o
 *fill*         0x0000000020000732        0x2 
 .bss.__sbrk_heap_end
                0x0000000020000734        0x4 ./Core/Src/sysmem.o
 .bss.uwTick    0x0000000020000738        0x4 ./Drivers/STM32F1xx_HAL_Driver/Src/stm32f1xx_hal.o
                0x0000000020000738                uwTick
 .bss.__sf      0x000000002000073c      0x138 /opt/st/stm32cubeide_1.13.1/plugins/com.st.stm32cube.ide.mcu.externaltools.gnu-tools-for-stm32.11.3.rel1.linux64_1.1.0.202305231506/tools/bin/../lib/gcc/arm-none-eabi/11.3.1/../../../../arm-none-eabi/lib/thumb/v7-m/nofp/libc_nano.a(libc_a-findfp.o)
                0x000000002000073c                __sf
 .bss.__stdio_exit_handler
                0x0000000020000874        0x4 /opt/st/stm32cubeide_1.13.1/plugins/com.st.stm32cube.ide.mcu.externaltools.gnu-tools-for-stm32.11.3.rel1.linux64_1.1.0.202305231506/tools/bin/../lib/gcc/arm-none-eabi/11.3.1/../../../../arm-none-eabi/lib/thumb/v7-m/nofp/libc_nano.a(libc_a-findfp.o)
                0x0000000020000874                __stdio_exit_handler
 .bss.errno     0x0000000020000878        0x4 /opt/st/stm32cubeide_1.13.1/plugins/com.st.stm32cube.ide.mcu.externaltools.gnu-tools-for-stm32.11.3.rel1.linux64_1.1.0.202305231506/tools/bin/../lib/gcc/arm-none-eabi/11.3.1/../../../../arm-none-eabi/lib/thumb/v7-m/nofp/libc_nano.a(libc_a-reent.o)
                0x0000000020000878                errno
 .bss.__lock___malloc_recursive_mutex
                0x000000002000087c        0x1 /opt/st/stm32cubeide_1.13.1/plugins/com.st.stm32cube.ide.mcu.externaltools.gnu-tools-for-stm32.11.3.rel1.linux64_1.1.0.202305231506/tools/bin/../lib/gcc/arm-none-eabi/11.3.1/../../../../arm-none-eabi/lib/thumb/v7-m/nofp/libc_nano.a(libc_a-lock.o)
                0x000000002000087c                __lock___malloc_recursive_mutex
 .bss.__lock___sfp_recursive_mutex
                0x000000002000087d        0x1 /opt/st/stm32cubeide_1.13.1/plugins/com.st.stm32cube.ide.mcu.externaltools.gnu-tools-for-stm32.11.3.rel1.linux64_1.1.0.202305231506/tools/bin/../lib/gcc/arm-none-eabi/11.3.1/../../../../arm-none-eabi/lib/thumb/v7-m/nofp/libc_nano.a(libc_a-lock.o)
                0x000000002000087d                __lock___sfp_recursive_mutex
 *fill*         0x000000002000087e        0x2 
 .bss.__malloc_free_list
                0x0000000020000880        0x4 /opt/st/stm32cubeide_1.13.1/plugins/com.st.stm32cube.ide.mcu.externaltools.gnu-tools-for-stm32.11.3.rel1.linux64_1.1.0.202305231506/tools/bin/../lib/gcc/arm-none-eabi/11.3.1/../../../../arm-none-eabi/lib/thumb/v7-m/nofp/libc_nano.a(libc_a-mallocr.o)
                0x0000000020000880                __malloc_free_list
 .bss.__malloc_sbrk_start
                0x0000000020000884        0x4 /opt/st/stm32cubeide_1.13.1/plugins/com.st.stm32cube.ide.mcu.externaltools.gnu-tools-for-stm32.11.3.rel1.linux64_1.1.0.202305231506/tools/bin/../lib/gcc/arm-none-eabi/11.3.1/../../../../arm-none-eabi/lib/thumb/v7-m/nofp/libc_nano.a(libc_a-mallocr.o)
                0x0000000020000884                __malloc_sbrk_start
 *(COMMON)
                0x0000000020000888                . = ALIGN (0x4)
                0x0000000020000888                _ebss = .
                0x0000000020000888                __bss_end__ = _ebss

._user_heap_stack
                0x0000000020000888      0x600 load address 0x000000000800b27c
                0x0000000020000888                . = ALIGN (0x8)
                [!provide]                        PROVIDE (end = .)
                0x0000000020000888                PROVIDE (_end = .)
                0x0000000020000a88                . = (. + _Min_Heap_Size)
 *fill*         0x0000000020000888      0x200 
                0x0000000020000e88                . = (. + _Min_Stack_Size)
 *fill*         0x0000000020000a88      0x400 
                0x0000000020000e88                . = ALIGN (0x8)

/DISCARD/
 libc.a(*)
 libm.a(*)
 libgcc.a(*)

.ARM.attributes
                0x0000000000000000       0x29
 *(.ARM.attributes)
 .ARM.attributes
                0x0000000000000000       0x1d /opt/st/stm32cubeide_1.13.1/plugins/com.st.stm32cube.ide.mcu.externaltools.gnu-tools-for-stm32.11.3.rel1.linux64_1.1.0.202305231506/tools/bin/../lib/gcc/arm-none-eabi/11.3.1/thumb/v7-m/nofp/crti.o
 .ARM.attributes
                0x000000000000001d       0x2d /opt/st/stm32cubeide_1.13.1/plugins/com.st.stm32cube.ide.mcu.externaltools.gnu-tools-for-stm32.11.3.rel1.linux64_1.1.0.202305231506/tools/bin/../lib/gcc/arm-none-eabi/11.3.1/thumb/v7-m/nofp/crtbegin.o
 .ARM.attributes
                0x000000000000004a       0x2d ./Core/Src/fonts.o
 .ARM.attributes
                0x0000000000000077       0x2d ./Core/Src/main.o
 .ARM.attributes
                0x00000000000000a4       0x2d ./Core/Src/ssd1306.o
 .ARM.attributes
                0x00000000000000d1       0x2d ./Core/Src/stm32f1xx_hal_msp.o
 .ARM.attributes
                0x00000000000000fe       0x2d ./Core/Src/stm32f1xx_it.o
 .ARM.attributes
                0x000000000000012b       0x2d ./Core/Src/syscalls.o
 .ARM.attributes
                0x0000000000000158       0x2d ./Core/Src/sysmem.o
 .ARM.attributes
                0x0000000000000185       0x2d ./Core/Src/system_stm32f1xx.o
 .ARM.attributes
                0x00000000000001b2       0x21 ./Core/Startup/startup_stm32f103c8tx.o
 .ARM.attributes
                0x00000000000001d3       0x2d ./Drivers/STM32F1xx_HAL_Driver/Src/stm32f1xx_hal.o
 .ARM.attributes
                0x0000000000000200       0x2d ./Drivers/STM32F1xx_HAL_Driver/Src/stm32f1xx_hal_cortex.o
 .ARM.attributes
                0x000000000000022d       0x2d ./Drivers/STM32F1xx_HAL_Driver/Src/stm32f1xx_hal_gpio.o
 .ARM.attributes
                0x000000000000025a       0x2d ./Drivers/STM32F1xx_HAL_Driver/Src/stm32f1xx_hal_i2c.o
 .ARM.attributes
                0x0000000000000287       0x2d ./Drivers/STM32F1xx_HAL_Driver/Src/stm32f1xx_hal_rcc.o
 .ARM.attributes
                0x00000000000002b4       0x2d ./Drivers/STM32F1xx_HAL_Driver/Src/stm32f1xx_hal_tim.o
 .ARM.attributes
                0x00000000000002e1       0x2d ./Drivers/STM32F1xx_HAL_Driver/Src/stm32f1xx_hal_tim_ex.o
 .ARM.attributes
                0x000000000000030e       0x2d /opt/st/stm32cubeide_1.13.1/plugins/com.st.stm32cube.ide.mcu.externaltools.gnu-tools-for-stm32.11.3.rel1.linux64_1.1.0.202305231506/tools/bin/../lib/gcc/arm-none-eabi/11.3.1/../../../../arm-none-eabi/lib/thumb/v7-m/nofp/libc_nano.a(libc_a-itoa.o)
 .ARM.attributes
                0x000000000000033b       0x2d /opt/st/stm32cubeide_1.13.1/plugins/com.st.stm32cube.ide.mcu.externaltools.gnu-tools-for-stm32.11.3.rel1.linux64_1.1.0.202305231506/tools/bin/../lib/gcc/arm-none-eabi/11.3.1/../../../../arm-none-eabi/lib/thumb/v7-m/nofp/libc_nano.a(libc_a-utoa.o)
 .ARM.attributes
                0x0000000000000368       0x2d /opt/st/stm32cubeide_1.13.1/plugins/com.st.stm32cube.ide.mcu.externaltools.gnu-tools-for-stm32.11.3.rel1.linux64_1.1.0.202305231506/tools/bin/../lib/gcc/arm-none-eabi/11.3.1/../../../../arm-none-eabi/lib/thumb/v7-m/nofp/libc_nano.a(libc_a-nano-vfprintf_float.o)
 .ARM.attributes
                0x0000000000000395       0x2d /opt/st/stm32cubeide_1.13.1/plugins/com.st.stm32cube.ide.mcu.externaltools.gnu-tools-for-stm32.11.3.rel1.linux64_1.1.0.202305231506/tools/bin/../lib/gcc/arm-none-eabi/11.3.1/../../../../arm-none-eabi/lib/thumb/v7-m/nofp/libc_nano.a(libc_a-nano-vfprintf_i.o)
 .ARM.attributes
                0x00000000000003c2       0x2d /opt/st/stm32cubeide_1.13.1/plugins/com.st.stm32cube.ide.mcu.externaltools.gnu-tools-for-stm32.11.3.rel1.linux64_1.1.0.202305231506/tools/bin/../lib/gcc/arm-none-eabi/11.3.1/../../../../arm-none-eabi/lib/thumb/v7-m/nofp/libc_nano.a(libc_a-nano-vfscanf_float.o)
 .ARM.attributes
                0x00000000000003ef       0x2d /opt/st/stm32cubeide_1.13.1/plugins/com.st.stm32cube.ide.mcu.externaltools.gnu-tools-for-stm32.11.3.rel1.linux64_1.1.0.202305231506/tools/bin/../lib/gcc/arm-none-eabi/11.3.1/../../../../arm-none-eabi/lib/thumb/v7-m/nofp/libc_nano.a(libc_a-findfp.o)
 .ARM.attributes
                0x000000000000041c       0x2d /opt/st/stm32cubeide_1.13.1/plugins/com.st.stm32cube.ide.mcu.externaltools.gnu-tools-for-stm32.11.3.rel1.linux64_1.1.0.202305231506/tools/bin/../lib/gcc/arm-none-eabi/11.3.1/../../../../arm-none-eabi/lib/thumb/v7-m/nofp/libc_nano.a(libc_a-fwalk.o)
 .ARM.attributes
                0x0000000000000449       0x2d /opt/st/stm32cubeide_1.13.1/plugins/com.st.stm32cube.ide.mcu.externaltools.gnu-tools-for-stm32.11.3.rel1.linux64_1.1.0.202305231506/tools/bin/../lib/gcc/arm-none-eabi/11.3.1/../../../../arm-none-eabi/lib/thumb/v7-m/nofp/libc_nano.a(libc_a-sprintf.o)
 .ARM.attributes
                0x0000000000000476       0x2d /opt/st/stm32cubeide_1.13.1/plugins/com.st.stm32cube.ide.mcu.externaltools.gnu-tools-for-stm32.11.3.rel1.linux64_1.1.0.202305231506/tools/bin/../lib/gcc/arm-none-eabi/11.3.1/../../../../arm-none-eabi/lib/thumb/v7-m/nofp/libc_nano.a(libc_a-stdio.o)
 .ARM.attributes
                0x00000000000004a3       0x2d /opt/st/stm32cubeide_1.13.1/plugins/com.st.stm32cube.ide.mcu.externaltools.gnu-tools-for-stm32.11.3.rel1.linux64_1.1.0.202305231506/tools/bin/../lib/gcc/arm-none-eabi/11.3.1/../../../../arm-none-eabi/lib/thumb/v7-m/nofp/libc_nano.a(libc_a-memset.o)
 .ARM.attributes
                0x00000000000004d0       0x2d /opt/st/stm32cubeide_1.13.1/plugins/com.st.stm32cube.ide.mcu.externaltools.gnu-tools-for-stm32.11.3.rel1.linux64_1.1.0.202305231506/tools/bin/../lib/gcc/arm-none-eabi/11.3.1/../../../../arm-none-eabi/lib/thumb/v7-m/nofp/libc_nano.a(libc_a-localeconv.o)
 .ARM.attributes